../Core/Src/main.c:131:10:FindLoudSection	40	static
../Core/Src/main.c:155:7:AutoCorrelationTune	104	dynamic
../Core/Src/main.c:214:6:DisplayTuning	136	static
../Core/Src/main.c:257:6:UART_Print	16	static
../Core/Src/main.c:263:6:UART_Print_Error	88	static
../Core/Src/main.c:270:6:HAL_GPIO_EXTI_Callback	48	static
../Core/Src/main.c:413:6:HAL_TIM_PeriodElapsedCallback	24	static
../Core/Src/main.c:434:5:main	72	static
../Core/Src/main.c:516:6:SystemClock_Config	96	static
../Core/Src/main.c:567:13:MX_DAC1_Init	48	static
../Core/Src/main.c:618:13:MX_DFSDM1_Init	16	static
../Core/Src/main.c:682:13:MX_I2C2_Init	8	static
../Core/Src/main.c:730:13:MX_TIM2_Init	64	static
../Core/Src/main.c:789:13:MX_TIM3_Init	64	static
../Core/Src/main.c:848:13:MX_USART1_UART_Init	8	static
../Core/Src/main.c:894:13:MX_DMA_Init	16	static
../Core/Src/main.c:916:13:MX_GPIO_Init	48	static
../Core/Src/main.c:954:6:HAL_DFSDM_FilterRegConvHalfCpltCallback	16	static
../Core/Src/main.c:961:6:HAL_DFSDM_FilterRegConvCpltCallback	16	static
../Core/Src/main.c:976:6:Error_Handler	4	static,ignoring_inline_asm
