../Core/Src/main.c:131:10:FindLoudSection	40	static
../Core/Src/main.c:155:7:AutoCorrelationTune	104	dynamic
../Core/Src/main.c:214:6:DisplayTuning	136	static
../Core/Src/main.c:257:6:UART_Print	16	static
../Core/Src/main.c:263:6:UART_Print_Error	88	static
../Core/Src/main.c:270:6:HAL_GPIO_EXTI_Callback	48	static
../Core/Src/main.c:415:6:HAL_TIM_PeriodElapsedCallback	24	static
../Core/Src/main.c:436:5:main	72	static
../Core/Src/main.c:518:6:SystemClock_Config	96	static
../Core/Src/main.c:569:13:MX_DAC1_Init	48	static
../Core/Src/main.c:620:13:MX_DFSDM1_Init	16	static
../Core/Src/main.c:684:13:MX_I2C2_Init	8	static
../Core/Src/main.c:732:13:MX_TIM2_Init	64	static
../Core/Src/main.c:791:13:MX_TIM3_Init	64	static
../Core/Src/main.c:850:13:MX_USART1_UART_Init	8	static
../Core/Src/main.c:896:13:MX_DMA_Init	16	static
../Core/Src/main.c:918:13:MX_GPIO_Init	48	static
../Core/Src/main.c:956:6:HAL_DFSDM_FilterRegConvHalfCpltCallback	16	static
../Core/Src/main.c:963:6:HAL_DFSDM_FilterRegConvCpltCallback	16	static
../Core/Src/main.c:978:6:Error_Handler	4	static,ignoring_inline_asm
