Archive member included to satisfy reference by file (symbol)

/Users/ansleanalbert/Documents/GitHub/walkie-talkie/final_project/Core/Lib/libarm_cortexM4lf_math.a(arm_rfft_fast_init_f32.o)
                              ./Core/Src/main.o (arm_rfft_fast_init_f32)
/Users/ansleanalbert/Documents/GitHub/walkie-talkie/final_project/Core/Lib/libarm_cortexM4lf_math.a(arm_common_tables.o)
                              /Users/ansleanalbert/Documents/GitHub/walkie-talkie/final_project/Core/Lib/libarm_cortexM4lf_math.a(arm_rfft_fast_init_f32.o) (twiddleCoef_rfft_4096)
/Applications/STM32CubeIDE.app/Contents/Eclipse/plugins/com.st.stm32cube.ide.mcu.externaltools.gnu-tools-for-stm32.12.3.rel1.macos64_1.1.0.202410301201/tools/bin/../lib/gcc/arm-none-eabi/12.3.1/../../../../arm-none-eabi/lib/thumb/v7e-m+fp/hard/libc_nano.a(libc_a-exit.o)
                              /Applications/STM32CubeIDE.app/Contents/Eclipse/plugins/com.st.stm32cube.ide.mcu.externaltools.gnu-tools-for-stm32.12.3.rel1.macos64_1.1.0.202410301201/tools/bin/../lib/gcc/arm-none-eabi/12.3.1/../../../../arm-none-eabi/lib/thumb/v7e-m+fp/hard/crt0.o (exit)
/Applications/STM32CubeIDE.app/Contents/Eclipse/plugins/com.st.stm32cube.ide.mcu.externaltools.gnu-tools-for-stm32.12.3.rel1.macos64_1.1.0.202410301201/tools/bin/../lib/gcc/arm-none-eabi/12.3.1/../../../../arm-none-eabi/lib/thumb/v7e-m+fp/hard/libc_nano.a(libc_a-snprintf.o)
                              ./Core/Src/main.o (snprintf)
/Applications/STM32CubeIDE.app/Contents/Eclipse/plugins/com.st.stm32cube.ide.mcu.externaltools.gnu-tools-for-stm32.12.3.rel1.macos64_1.1.0.202410301201/tools/bin/../lib/gcc/arm-none-eabi/12.3.1/../../../../arm-none-eabi/lib/thumb/v7e-m+fp/hard/libc_nano.a(libc_a-findfp.o)
                              /Applications/STM32CubeIDE.app/Contents/Eclipse/plugins/com.st.stm32cube.ide.mcu.externaltools.gnu-tools-for-stm32.12.3.rel1.macos64_1.1.0.202410301201/tools/bin/../lib/gcc/arm-none-eabi/12.3.1/../../../../arm-none-eabi/lib/thumb/v7e-m+fp/hard/libc_nano.a(libc_a-exit.o) (__stdio_exit_handler)
/Applications/STM32CubeIDE.app/Contents/Eclipse/plugins/com.st.stm32cube.ide.mcu.externaltools.gnu-tools-for-stm32.12.3.rel1.macos64_1.1.0.202410301201/tools/bin/../lib/gcc/arm-none-eabi/12.3.1/../../../../arm-none-eabi/lib/thumb/v7e-m+fp/hard/libc_nano.a(libc_a-fwalk.o)
                              /Applications/STM32CubeIDE.app/Contents/Eclipse/plugins/com.st.stm32cube.ide.mcu.externaltools.gnu-tools-for-stm32.12.3.rel1.macos64_1.1.0.202410301201/tools/bin/../lib/gcc/arm-none-eabi/12.3.1/../../../../arm-none-eabi/lib/thumb/v7e-m+fp/hard/libc_nano.a(libc_a-findfp.o) (_fwalk_sglue)
/Applications/STM32CubeIDE.app/Contents/Eclipse/plugins/com.st.stm32cube.ide.mcu.externaltools.gnu-tools-for-stm32.12.3.rel1.macos64_1.1.0.202410301201/tools/bin/../lib/gcc/arm-none-eabi/12.3.1/../../../../arm-none-eabi/lib/thumb/v7e-m+fp/hard/libc_nano.a(libc_a-memset.o)
                              /Applications/STM32CubeIDE.app/Contents/Eclipse/plugins/com.st.stm32cube.ide.mcu.externaltools.gnu-tools-for-stm32.12.3.rel1.macos64_1.1.0.202410301201/tools/bin/../lib/gcc/arm-none-eabi/12.3.1/../../../../arm-none-eabi/lib/thumb/v7e-m+fp/hard/crt0.o (memset)
/Applications/STM32CubeIDE.app/Contents/Eclipse/plugins/com.st.stm32cube.ide.mcu.externaltools.gnu-tools-for-stm32.12.3.rel1.macos64_1.1.0.202410301201/tools/bin/../lib/gcc/arm-none-eabi/12.3.1/../../../../arm-none-eabi/lib/thumb/v7e-m+fp/hard/libc_nano.a(libc_a-impure.o)
                              /Applications/STM32CubeIDE.app/Contents/Eclipse/plugins/com.st.stm32cube.ide.mcu.externaltools.gnu-tools-for-stm32.12.3.rel1.macos64_1.1.0.202410301201/tools/bin/../lib/gcc/arm-none-eabi/12.3.1/../../../../arm-none-eabi/lib/thumb/v7e-m+fp/hard/libc_nano.a(libc_a-snprintf.o) (_impure_ptr)
/Applications/STM32CubeIDE.app/Contents/Eclipse/plugins/com.st.stm32cube.ide.mcu.externaltools.gnu-tools-for-stm32.12.3.rel1.macos64_1.1.0.202410301201/tools/bin/../lib/gcc/arm-none-eabi/12.3.1/../../../../arm-none-eabi/lib/thumb/v7e-m+fp/hard/libc_nano.a(libc_a-errno.o)
                              ./Core/Src/syscalls.o (__errno)
/Applications/STM32CubeIDE.app/Contents/Eclipse/plugins/com.st.stm32cube.ide.mcu.externaltools.gnu-tools-for-stm32.12.3.rel1.macos64_1.1.0.202410301201/tools/bin/../lib/gcc/arm-none-eabi/12.3.1/../../../../arm-none-eabi/lib/thumb/v7e-m+fp/hard/libc_nano.a(libc_a-init.o)
                              /Applications/STM32CubeIDE.app/Contents/Eclipse/plugins/com.st.stm32cube.ide.mcu.externaltools.gnu-tools-for-stm32.12.3.rel1.macos64_1.1.0.202410301201/tools/bin/../lib/gcc/arm-none-eabi/12.3.1/../../../../arm-none-eabi/lib/thumb/v7e-m+fp/hard/crt0.o (__libc_init_array)
/Applications/STM32CubeIDE.app/Contents/Eclipse/plugins/com.st.stm32cube.ide.mcu.externaltools.gnu-tools-for-stm32.12.3.rel1.macos64_1.1.0.202410301201/tools/bin/../lib/gcc/arm-none-eabi/12.3.1/../../../../arm-none-eabi/lib/thumb/v7e-m+fp/hard/libc_nano.a(libc_a-lock.o)
[...]
Memory Configuration

Name             Origin             Length             Attributes
RAM              0x20000000         0x000a0000         xrw
RAM2             0x10000000         0x00010000         xrw
RAM3             0x20040000         0x00060000         xrw
FLASH            0x08000000         0x00200000         xr
*default*        0x00000000         0xffffffff

Linker script and memory map

LOAD /Applications/STM32CubeIDE.app/Contents/Eclipse/plugins/com.st.stm32cube.ide.mcu.externaltools.gnu-tools-for-stm32.12.3.rel1.macos64_1.1.0.202410301201/tools/bin/../lib/gcc/arm-none-eabi/12.3.1/thumb/v7e-m+fp/hard/crti.o
LOAD /Applications/STM32CubeIDE.app/Contents/Eclipse/plugins/com.st.stm32cube.ide.mcu.externaltools.gnu-tools-for-stm32.12.3.rel1.macos64_1.1.0.202410301201/tools/bin/../lib/gcc/arm-none-eabi/12.3.1/thumb/v7e-m+fp/hard/crtbegin.o
LOAD /Applications/STM32CubeIDE.app/Contents/Eclipse/plugins/com.st.stm32cube.ide.mcu.externaltools.gnu-tools-for-stm32.12.3.rel1.macos64_1.1.0.202410301201/tools/bin/../lib/gcc/arm-none-eabi/12.3.1/../../../../arm-none-eabi/lib/thumb/v7e-m+fp/hard/crt0.o
LOAD ./Core/Src/main.o
LOAD ./Core/Src/stm32l4xx_hal_msp.o
LOAD ./Core/Src/stm32l4xx_it.o
LOAD ./Core/Src/syscalls.o
LOAD ./Core/Src/sysmem.o
LOAD ./Core/Src/system_stm32l4xx.o
LOAD ./Core/Startup/startup_stm32l4s5vitx.o
LOAD ./Drivers/STM32L4xx_HAL_Driver/Src/stm32l4xx_hal.o
LOAD ./Drivers/STM32L4xx_HAL_Driver/Src/stm32l4xx_hal_cortex.o
LOAD ./Drivers/STM32L4xx_HAL_Driver/Src/stm32l4xx_hal_dac.o
LOAD ./Drivers/STM32L4xx_HAL_Driver/Src/stm32l4xx_hal_dac_ex.o
LOAD ./Drivers/STM32L4xx_HAL_Driver/Src/stm32l4xx_hal_dfsdm.o
LOAD ./Drivers/STM32L4xx_HAL_Driver/Src/stm32l4xx_hal_dfsdm_ex.o
LOAD ./Drivers/STM32L4xx_HAL_Driver/Src/stm32l4xx_hal_dma.o
LOAD ./Drivers/STM32L4xx_HAL_Driver/Src/stm32l4xx_hal_dma_ex.o
LOAD ./Drivers/STM32L4xx_HAL_Driver/Src/stm32l4xx_hal_exti.o
LOAD ./Drivers/STM32L4xx_HAL_Driver/Src/stm32l4xx_hal_flash.o
LOAD ./Drivers/STM32L4xx_HAL_Driver/Src/stm32l4xx_hal_flash_ex.o
LOAD ./Drivers/STM32L4xx_HAL_Driver/Src/stm32l4xx_hal_flash_ramfunc.o
LOAD ./Drivers/STM32L4xx_HAL_Driver/Src/stm32l4xx_hal_gpio.o
LOAD ./Drivers/STM32L4xx_HAL_Driver/Src/stm32l4xx_hal_i2c.o
LOAD ./Drivers/STM32L4xx_HAL_Driver/Src/stm32l4xx_hal_i2c_ex.o
LOAD ./Drivers/STM32L4xx_HAL_Driver/Src/stm32l4xx_hal_pwr.o
LOAD ./Drivers/STM32L4xx_HAL_Driver/Src/stm32l4xx_hal_pwr_ex.o
LOAD ./Drivers/STM32L4xx_HAL_Driver/Src/stm32l4xx_hal_rcc.o
LOAD ./Drivers/STM32L4xx_HAL_Driver/Src/stm32l4xx_hal_rcc_ex.o
LOAD ./Drivers/STM32L4xx_HAL_Driver/Src/stm32l4xx_hal_tim.o
LOAD ./Drivers/STM32L4xx_HAL_Driver/Src/stm32l4xx_hal_tim_ex.o
LOAD ./Drivers/STM32L4xx_HAL_Driver/Src/stm32l4xx_hal_uart.o
LOAD ./Drivers/STM32L4xx_HAL_Driver/Src/stm32l4xx_hal_uart_ex.o
LOAD /Users/ansleanalbert/Documents/GitHub/walkie-talkie/final_project/Core/Lib/libarm_cortexM4lf_math.a
START GROUP
LOAD /Applications/STM32CubeIDE.app/Contents/Eclipse/plugins/com.st.stm32cube.ide.mcu.externaltools.gnu-tools-for-stm32.12.3.rel1.macos64_1.1.0.202410301201/tools/bin/../lib/gcc/arm-none-eabi/12.3.1/../../../../arm-none-eabi/lib/thumb/v7e-m+fp/hard/libc_nano.a
LOAD /Applications/STM32CubeIDE.app/Contents/Eclipse/plugins/com.st.stm32cube.ide.mcu.externaltools.gnu-tools-for-stm32.12.3.rel1.macos64_1.1.0.202410301201/tools/bin/../lib/gcc/arm-none-eabi/12.3.1/../../../../arm-none-eabi/lib/thumb/v7e-m+fp/hard/libm.a
END GROUP
START GROUP
LOAD /Applications/STM32CubeIDE.app/Contents/Eclipse/plugins/com.st.stm32cube.ide.mcu.externaltools.gnu-tools-for-stm32.12.3.rel1.macos64_1.1.0.202410301201/tools/bin/../lib/gcc/arm-none-eabi/12.3.1/thumb/v7e-m+fp/hard/libgcc.a
LOAD /Applications/STM32CubeIDE.app/Contents/Eclipse/plugins/com.st.stm32cube.ide.mcu.externaltools.gnu-tools-for-stm32.12.3.rel1.macos64_1.1.0.202410301201/tools/bin/../lib/gcc/arm-none-eabi/12.3.1/../../../../arm-none-eabi/lib/thumb/v7e-m+fp/hard/libc_nano.a
END GROUP
START GROUP
LOAD /Applications/STM32CubeIDE.app/Contents/Eclipse/plugins/com.st.stm32cube.ide.mcu.externaltools.gnu-tools-for-stm32.12.3.rel1.macos64_1.1.0.202410301201/tools/bin/../lib/gcc/arm-none-eabi/12.3.1/thumb/v7e-m+fp/hard/libgcc.a
LOAD /Applications/STM32CubeIDE.app/Contents/Eclipse/plugins/com.st.stm32cube.ide.mcu.externaltools.gnu-tools-for-stm32.12.3.rel1.macos64_1.1.0.202410301201/tools/bin/../lib/gcc/arm-none-eabi/12.3.1/../../../../arm-none-eabi/lib/thumb/v7e-m+fp/hard/libc_nano.a
LOAD /Applications/STM32CubeIDE.app/Contents/Eclipse/plugins/com.st.stm32cube.ide.mcu.externaltools.gnu-tools-for-stm32.12.3.rel1.macos64_1.1.0.202410301201/tools/bin/../lib/gcc/arm-none-eabi/12.3.1/../../../../arm-none-eabi/lib/thumb/v7e-m+fp/hard/libnosys.a
END GROUP
START GROUP
LOAD /Applications/STM32CubeIDE.app/Contents/Eclipse/plugins/com.st.stm32cube.ide.mcu.externaltools.gnu-tools-for-stm32.12.3.rel1.macos64_1.1.0.202410301201/tools/bin/../lib/gcc/arm-none-eabi/12.3.1/thumb/v7e-m+fp/hard/libgcc.a
LOAD /Applications/STM32CubeIDE.app/Contents/Eclipse/plugins/com.st.stm32cube.ide.mcu.externaltools.gnu-tools-for-stm32.12.3.rel1.macos64_1.1.0.202410301201/tools/bin/../lib/gcc/arm-none-eabi/12.3.1/../../../../arm-none-eabi/lib/thumb/v7e-m+fp/hard/libc_nano.a
LOAD /Applications/STM32CubeIDE.app/Contents/Eclipse/plugins/com.st.stm32cube.ide.mcu.externaltools.gnu-tools-for-stm32.12.3.rel1.macos64_1.1.0.202410301201/tools/bin/../lib/gcc/arm-none-eabi/12.3.1/../../../../arm-none-eabi/lib/thumb/v7e-m+fp/hard/libnosys.a
END GROUP
LOAD /Applications/STM32CubeIDE.app/Contents/Eclipse/plugins/com.st.stm32cube.ide.mcu.externaltools.gnu-tools-for-stm32.12.3.rel1.macos64_1.1.0.202410301201/tools/bin/../lib/gcc/arm-none-eabi/12.3.1/thumb/v7e-m+fp/hard/crtend.o
LOAD /Applications/STM32CubeIDE.app/Contents/Eclipse/plugins/com.st.stm32cube.ide.mcu.externaltools.gnu-tools-for-stm32.12.3.rel1.macos64_1.1.0.202410301201/tools/bin/../lib/gcc/arm-none-eabi/12.3.1/thumb/v7e-m+fp/hard/crtn.o
                0x200a0000                        _estack = (ORIGIN (RAM) + LENGTH (RAM))
                0x00000200                        _Min_Heap_Size = 0x200
                0x00000400                        _Min_Stack_Size = 0x400

.isr_vector     0x08000000      0x1bc
                0x08000000                        . = ALIGN (0x4)
 *(.isr_vector)
 .isr_vector    0x08000000      0x1bc ./Core/Startup/startup_stm32l4s5vitx.o
                0x08000000                g_pfnVectors
                0x080001bc                        . = ALIGN (0x4)

.text           0x080001c0     0x7fe8
                0x080001c0                        . = ALIGN (0x4)
 *(.text)
 .text          0x080001c0       0x40 /Applications/STM32CubeIDE.app/Contents/Eclipse/plugins/com.st.stm32cube.ide.mcu.externaltools.gnu-tools-for-stm32.12.3.rel1.macos64_1.1.0.202410301201/tools/bin/../lib/gcc/arm-none-eabi/12.3.1/thumb/v7e-m+fp/hard/crtbegin.o
 .text          0x08000200       0x10 /Applications/STM32CubeIDE.app/Contents/Eclipse/plugins/com.st.stm32cube.ide.mcu.externaltools.gnu-tools-for-stm32.12.3.rel1.macos64_1.1.0.202410301201/tools/bin/../lib/gcc/arm-none-eabi/12.3.1/../../../../arm-none-eabi/lib/thumb/v7e-m+fp/hard/libc_nano.a(libc_a-strlen.o)
                0x08000200                strlen
 .text          0x08000210       0xa0 /Applications/STM32CubeIDE.app/Contents/Eclipse/plugins/com.st.stm32cube.ide.mcu.externaltools.gnu-tools-for-stm32.12.3.rel1.macos64_1.1.0.202410301201/tools/bin/../lib/gcc/arm-none-eabi/12.3.1/../../../../arm-none-eabi/lib/thumb/v7e-m+fp/hard/libc_nano.a(libc_a-memchr.o)
                0x08000210                memchr
 .text          0x080002b0       0x30 /Applications/STM32CubeIDE.app/Contents/Eclipse/plugins/com.st.stm32cube.ide.mcu.externaltools.gnu-tools-for-stm32.12.3.rel1.macos64_1.1.0.202410301201/tools/bin/../lib/gcc/arm-none-eabi/12.3.1/thumb/v7e-m+fp/hard/libgcc.a(_aeabi_uldivmod.o)
                0x080002b0                __aeabi_uldivmod
 .text          0x080002e0      0x2bc /Applications/STM32CubeIDE.app/Contents/Eclipse/plugins/com.st.stm32cube.ide.mcu.externaltools.gnu-tools-for-stm32.12.3.rel1.macos64_1.1.0.202410301201/tools/bin/../lib/gcc/arm-none-eabi/12.3.1/thumb/v7e-m+fp/hard/libgcc.a(_udivmoddi4.o)
                0x080002e0                __udivmoddi4
 .text          0x0800059c        0x4 /Applications/STM32CubeIDE.app/Contents/Eclipse/plugins/com.st.stm32cube.ide.mcu.externaltools.gnu-tools-for-stm32.12.3.rel1.macos64_1.1.0.202410301201/tools/bin/../lib/gcc/arm-none-eabi/12.3.1/thumb/v7e-m+fp/hard/libgcc.a(_dvmd_tls.o)
                0x0800059c                __aeabi_ldiv0
                0x0800059c                __aeabi_idiv0
 *(.text*)
 .text.FindLoudSection
                0x080005a0       0xa0 ./Core/Src/main.o
                0x080005a0                FindLoudSection
 .text.AutoCorrelationTune
                0x08000640      0x218 ./Core/Src/main.o
                0x08000640                AutoCorrelationTune
 .text.DisplayTuning
                0x08000858      0x1ac ./Core/Src/main.o
                0x08000858                DisplayTuning
 .text.UART_Print
                0x08000a04       0x2c ./Core/Src/main.o
                0x08000a04                UART_Print
 .text.UART_Print_Error
                0x08000a30       0x4c ./Core/Src/main.o
                0x08000a30                UART_Print_Error
 .text.HAL_GPIO_EXTI_Callback
                0x08000a7c      0x1dc ./Core/Src/main.o
                0x08000a7c                HAL_GPIO_EXTI_Callback
 .text.HAL_TIM_PeriodElapsedCallback
                0x08000c58       0x84 ./Core/Src/main.o
                0x08000c58                HAL_TIM_PeriodElapsedCallback
 .text.main     0x08000cdc       0xe4 ./Core/Src/main.o
                0x08000cdc                main
 .text.SystemClock_Config
                0x08000dc0       0xa4 ./Core/Src/main.o
                0x08000dc0                SystemClock_Config
 .text.MX_DAC1_Init
                0x08000e64       0x80 ./Core/Src/main.o
 .text.MX_DFSDM1_Init
                0x08000ee4      0x108 ./Core/Src/main.o
 .text.MX_I2C2_Init
                0x08000fec       0x80 ./Core/Src/main.o
 .text.MX_TIM2_Init
                0x0800106c       0xec ./Core/Src/main.o
 .text.MX_TIM3_Init
                0x08001158       0xf0 ./Core/Src/main.o
 .text.MX_USART1_UART_Init
                0x08001248       0x98 ./Core/Src/main.o
 .text.MX_DMA_Init
                0x080012e0       0x64 ./Core/Src/main.o
 .text.MX_GPIO_Init
                0x08001344       0xe0 ./Core/Src/main.o
 .text.HAL_DFSDM_FilterRegConvHalfCpltCallback
                0x08001424       0x20 ./Core/Src/main.o
                0x08001424                HAL_DFSDM_FilterRegConvHalfCpltCallback
 .text.HAL_DFSDM_FilterRegConvCpltCallback
                0x08001444       0x20 ./Core/Src/main.o
                0x08001444                HAL_DFSDM_FilterRegConvCpltCallback
 .text.Error_Handler
                0x08001464        0xc ./Core/Src/main.o
                0x08001464                Error_Handler
 .text.HAL_MspInit
                0x08001470       0x48 ./Core/Src/stm32l4xx_hal_msp.o
                0x08001470                HAL_MspInit
 .text.HAL_DAC_MspInit
                0x080014b8       0xdc ./Core/Src/stm32l4xx_hal_msp.o
                0x080014b8                HAL_DAC_MspInit
 .text.HAL_DFSDM_FilterMspInit
                0x08001594      0x158 ./Core/Src/stm32l4xx_hal_msp.o
                0x08001594                HAL_DFSDM_FilterMspInit
 .text.HAL_DFSDM_ChannelMspInit
                0x080016ec       0xe0 ./Core/Src/stm32l4xx_hal_msp.o
                0x080016ec                HAL_DFSDM_ChannelMspInit
 .text.HAL_I2C_MspInit
                0x080017cc       0xbc ./Core/Src/stm32l4xx_hal_msp.o
                0x080017cc                HAL_I2C_MspInit
 .text.HAL_TIM_Base_MspInit
                0x08001888       0x80 ./Core/Src/stm32l4xx_hal_msp.o
                0x08001888                HAL_TIM_Base_MspInit
 .text.HAL_TIM_MspPostInit
                0x08001908       0xb4 ./Core/Src/stm32l4xx_hal_msp.o
                0x08001908                HAL_TIM_MspPostInit
 .text.HAL_UART_MspInit
                0x080019bc       0xbc ./Core/Src/stm32l4xx_hal_msp.o
                0x080019bc                HAL_UART_MspInit
 .text.NMI_Handler
                0x08001a78        0x8 ./Core/Src/stm32l4xx_it.o
                0x08001a78                NMI_Handler
 .text.HardFault_Handler
                0x08001a80        0x8 ./Core/Src/stm32l4xx_it.o
                0x08001a80                HardFault_Handler
 .text.MemManage_Handler
                0x08001a88        0x8 ./Core/Src/stm32l4xx_it.o
                0x08001a88                MemManage_Handler
 .text.BusFault_Handler
                0x08001a90        0x8 ./Core/Src/stm32l4xx_it.o
                0x08001a90                BusFault_Handler
 .text.UsageFault_Handler
                0x08001a98        0x8 ./Core/Src/stm32l4xx_it.o
                0x08001a98                UsageFault_Handler
 .text.SVC_Handler
                0x08001aa0        0xe ./Core/Src/stm32l4xx_it.o
                0x08001aa0                SVC_Handler
 .text.DebugMon_Handler
                0x08001aae        0xe ./Core/Src/stm32l4xx_it.o
                0x08001aae                DebugMon_Handler
 .text.PendSV_Handler
                0x08001abc        0xe ./Core/Src/stm32l4xx_it.o
                0x08001abc                PendSV_Handler
 .text.SysTick_Handler
                0x08001aca        0xc ./Core/Src/stm32l4xx_it.o
                0x08001aca                SysTick_Handler
 *fill*         0x08001ad6        0x2 
 .text.DMA1_Channel1_IRQHandler
                0x08001ad8       0x14 ./Core/Src/stm32l4xx_it.o
                0x08001ad8                DMA1_Channel1_IRQHandler
 .text.DMA1_Channel2_IRQHandler
                0x08001aec       0x14 ./Core/Src/stm32l4xx_it.o
                0x08001aec                DMA1_Channel2_IRQHandler
 .text.TIM2_IRQHandler
                0x08001b00       0x14 ./Core/Src/stm32l4xx_it.o
                0x08001b00                TIM2_IRQHandler
 .text.TIM3_IRQHandler
                0x08001b14       0x14 ./Core/Src/stm32l4xx_it.o
                0x08001b14                TIM3_IRQHandler
 .text.EXTI15_10_IRQHandler
                0x08001b28       0x10 ./Core/Src/stm32l4xx_it.o
                0x08001b28                EXTI15_10_IRQHandler
 .text._sbrk    0x08001b38       0x6c ./Core/Src/sysmem.o
                0x08001b38                _sbrk
 .text.SystemInit
                0x08001ba4       0x24 ./Core/Src/system_stm32l4xx.o
                0x08001ba4                SystemInit
 .text.Reset_Handler
                0x08001bc8       0x50 ./Core/Startup/startup_stm32l4s5vitx.o
                0x08001bc8                Reset_Handler
 .text.Default_Handler
                0x08001c18        0x2 ./Core/Startup/startup_stm32l4s5vitx.o
                0x08001c18                TIM1_BRK_TIM15_IRQHandler
                0x08001c18                EXTI2_IRQHandler
                0x08001c18                TIM8_TRG_COM_IRQHandler
                0x08001c18                TIM8_CC_IRQHandler
                0x08001c18                TIM1_CC_IRQHandler
                0x08001c18                TSC_IRQHandler
                0x08001c18                TAMP_STAMP_IRQHandler
                0x08001c18                EXTI3_IRQHandler
                0x08001c18                LPTIM2_IRQHandler
                0x08001c18                DFSDM1_FLT1_IRQHandler
                0x08001c18                GFXMMU_IRQHandler
                0x08001c18                I2C3_ER_IRQHandler
                0x08001c18                DFSDM1_FLT2_IRQHandler
                0x08001c18                EXTI0_IRQHandler
                0x08001c18                I2C2_EV_IRQHandler
                0x08001c18                CAN1_RX0_IRQHandler
                0x08001c18                FPU_IRQHandler
                0x08001c18                TIM1_UP_TIM16_IRQHandler
                0x08001c18                LTDC_ER_IRQHandler
                0x08001c18                SPI1_IRQHandler
                0x08001c18                OCTOSPI1_IRQHandler
                0x08001c18                TIM6_DAC_IRQHandler
                0x08001c18                DCMI_IRQHandler
                0x08001c18                TIM8_UP_IRQHandler
                0x08001c18                OCTOSPI2_IRQHandler
                0x08001c18                DMA2_Channel2_IRQHandler
                0x08001c18                DMA1_Channel4_IRQHandler
                0x08001c18                SAI2_IRQHandler
                0x08001c18                ADC1_IRQHandler
                0x08001c18                DFSDM1_FLT3_IRQHandler
                0x08001c18                USART3_IRQHandler
                0x08001c18                DMA1_Channel7_IRQHandler
                0x08001c18                CAN1_RX1_IRQHandler
                0x08001c18                UART5_IRQHandler
                0x08001c18                TIM4_IRQHandler
                0x08001c18                DMA2_Channel1_IRQHandler
                0x08001c18                I2C1_EV_IRQHandler
                0x08001c18                DMAMUX1_OVR_IRQHandler
                0x08001c18                DMA1_Channel6_IRQHandler
                0x08001c18                UART4_IRQHandler
                0x08001c18                DMA2_Channel4_IRQHandler
                0x08001c18                RCC_IRQHandler
                0x08001c18                Default_Handler
                0x08001c18                DMA2_Channel7_IRQHandler
                0x08001c18                TIM7_IRQHandler
                0x08001c18                SDMMC1_IRQHandler
                0x08001c18                TIM5_IRQHandler
                0x08001c18                I2C3_EV_IRQHandler
                0x08001c18                EXTI9_5_IRQHandler
                0x08001c18                RTC_WKUP_IRQHandler
                0x08001c18                LTDC_IRQHandler
                0x08001c18                PVD_PVM_IRQHandler
                0x08001c18                SPI2_IRQHandler
                0x08001c18                CAN1_TX_IRQHandler
                0x08001c18                DMA2_Channel5_IRQHandler
                0x08001c18                DMA1_Channel5_IRQHandler
                0x08001c18                EXTI4_IRQHandler
                0x08001c18                RNG_IRQHandler
                0x08001c18                TIM1_TRG_COM_TIM17_IRQHandler
                0x08001c18                DMA1_Channel3_IRQHandler
                0x08001c18                COMP_IRQHandler
                0x08001c18                HASH_CRS_IRQHandler
                0x08001c18                WWDG_IRQHandler
                0x08001c18                I2C4_EV_IRQHandler
                0x08001c18                LPUART1_IRQHandler
                0x08001c18                DMA2_Channel6_IRQHandler
                0x08001c18                DMA2D_IRQHandler
                0x08001c18                EXTI1_IRQHandler
                0x08001c18                AES_IRQHandler
                0x08001c18                USART2_IRQHandler
                0x08001c18                DFSDM1_FLT0_IRQHandler
                0x08001c18                I2C2_ER_IRQHandler
                0x08001c18                TIM8_BRK_IRQHandler
                0x08001c18                CAN1_SCE_IRQHandler
                0x08001c18                FLASH_IRQHandler
                0x08001c18                USART1_IRQHandler
                0x08001c18                OTG_FS_IRQHandler
                0x08001c18                SPI3_IRQHandler
                0x08001c18                I2C1_ER_IRQHandler
                0x08001c18                FMC_IRQHandler
                0x08001c18                LPTIM1_IRQHandler
                0x08001c18                I2C4_ER_IRQHandler
                0x08001c18                SAI1_IRQHandler
                0x08001c18                DMA2_Channel3_IRQHandler
                0x08001c18                RTC_Alarm_IRQHandler
 .text.HAL_Init
                0x08001c1a       0x30 ./Drivers/STM32L4xx_HAL_Driver/Src/stm32l4xx_hal.o
                0x08001c1a                HAL_Init
 *fill*         0x08001c4a        0x2 
 .text.HAL_InitTick
                0x08001c4c       0x78 ./Drivers/STM32L4xx_HAL_Driver/Src/stm32l4xx_hal.o
                0x08001c4c                HAL_InitTick
 .text.HAL_IncTick
                0x08001cc4       0x28 ./Drivers/STM32L4xx_HAL_Driver/Src/stm32l4xx_hal.o
                0x08001cc4                HAL_IncTick
 .text.HAL_GetTick
                0x08001cec       0x18 ./Drivers/STM32L4xx_HAL_Driver/Src/stm32l4xx_hal.o
                0x08001cec                HAL_GetTick
 .text.HAL_Delay
                0x08001d04       0x48 ./Drivers/STM32L4xx_HAL_Driver/Src/stm32l4xx_hal.o
                0x08001d04                HAL_Delay
 .text.__NVIC_SetPriorityGrouping
                0x08001d4c       0x48 ./Drivers/STM32L4xx_HAL_Driver/Src/stm32l4xx_hal_cortex.o
 .text.__NVIC_GetPriorityGrouping
                0x08001d94       0x1c ./Drivers/STM32L4xx_HAL_Driver/Src/stm32l4xx_hal_cortex.o
 .text.__NVIC_EnableIRQ
                0x08001db0       0x3c ./Drivers/STM32L4xx_HAL_Driver/Src/stm32l4xx_hal_cortex.o
 .text.__NVIC_SetPriority
                0x08001dec       0x54 ./Drivers/STM32L4xx_HAL_Driver/Src/stm32l4xx_hal_cortex.o
 .text.NVIC_EncodePriority
                0x08001e40       0x66 ./Drivers/STM32L4xx_HAL_Driver/Src/stm32l4xx_hal_cortex.o
 *fill*         0x08001ea6        0x2 
 .text.SysTick_Config
                0x08001ea8       0x44 ./Drivers/STM32L4xx_HAL_Driver/Src/stm32l4xx_hal_cortex.o
 .text.HAL_NVIC_SetPriorityGrouping
                0x08001eec       0x16 ./Drivers/STM32L4xx_HAL_Driver/Src/stm32l4xx_hal_cortex.o
                0x08001eec                HAL_NVIC_SetPriorityGrouping
 .text.HAL_NVIC_SetPriority
                0x08001f02       0x38 ./Drivers/STM32L4xx_HAL_Driver/Src/stm32l4xx_hal_cortex.o
                0x08001f02                HAL_NVIC_SetPriority
 .text.HAL_NVIC_EnableIRQ
                0x08001f3a       0x1c ./Drivers/STM32L4xx_HAL_Driver/Src/stm32l4xx_hal_cortex.o
                0x08001f3a                HAL_NVIC_EnableIRQ
 .text.HAL_SYSTICK_Config
                0x08001f56       0x18 ./Drivers/STM32L4xx_HAL_Driver/Src/stm32l4xx_hal_cortex.o
                0x08001f56                HAL_SYSTICK_Config
 .text.HAL_DAC_Init
                0x08001f6e       0x44 ./Drivers/STM32L4xx_HAL_Driver/Src/stm32l4xx_hal_dac.o
                0x08001f6e                HAL_DAC_Init
 .text.HAL_DAC_Start
                0x08001fb2       0xa4 ./Drivers/STM32L4xx_HAL_Driver/Src/stm32l4xx_hal_dac.o
                0x08001fb2                HAL_DAC_Start
 *fill*         0x08002056        0x2 
 .text.HAL_DAC_Start_DMA
                0x08002058      0x198 ./Drivers/STM32L4xx_HAL_Driver/Src/stm32l4xx_hal_dac.o
                0x08002058                HAL_DAC_Start_DMA
 .text.HAL_DAC_Stop_DMA
                0x080021f0       0x8a ./Drivers/STM32L4xx_HAL_Driver/Src/stm32l4xx_hal_dac.o
                0x080021f0                HAL_DAC_Stop_DMA
 .text.HAL_DAC_ConvCpltCallbackCh1
                0x0800227a       0x14 ./Drivers/STM32L4xx_HAL_Driver/Src/stm32l4xx_hal_dac.o
                0x0800227a                HAL_DAC_ConvCpltCallbackCh1
 .text.HAL_DAC_ConvHalfCpltCallbackCh1
                0x0800228e       0x14 ./Drivers/STM32L4xx_HAL_Driver/Src/stm32l4xx_hal_dac.o
                0x0800228e                HAL_DAC_ConvHalfCpltCallbackCh1
 .text.HAL_DAC_ErrorCallbackCh1
                0x080022a2       0x14 ./Drivers/STM32L4xx_HAL_Driver/Src/stm32l4xx_hal_dac.o
                0x080022a2                HAL_DAC_ErrorCallbackCh1
 *fill*         0x080022b6        0x2 
 .text.HAL_DAC_ConfigChannel
                0x080022b8      0x298 ./Drivers/STM32L4xx_HAL_Driver/Src/stm32l4xx_hal_dac.o
                0x080022b8                HAL_DAC_ConfigChannel
 .text.DAC_DMAConvCpltCh1
                0x08002550       0x22 ./Drivers/STM32L4xx_HAL_Driver/Src/stm32l4xx_hal_dac.o
                0x08002550                DAC_DMAConvCpltCh1
 .text.DAC_DMAHalfConvCpltCh1
                0x08002572       0x1c ./Drivers/STM32L4xx_HAL_Driver/Src/stm32l4xx_hal_dac.o
                0x08002572                DAC_DMAHalfConvCpltCh1
 .text.DAC_DMAErrorCh1
                0x0800258e       0x2e ./Drivers/STM32L4xx_HAL_Driver/Src/stm32l4xx_hal_dac.o
                0x0800258e                DAC_DMAErrorCh1
 .text.HAL_DACEx_ConvCpltCallbackCh2
                0x080025bc       0x14 ./Drivers/STM32L4xx_HAL_Driver/Src/stm32l4xx_hal_dac_ex.o
                0x080025bc                HAL_DACEx_ConvCpltCallbackCh2
 .text.HAL_DACEx_ConvHalfCpltCallbackCh2
                0x080025d0       0x14 ./Drivers/STM32L4xx_HAL_Driver/Src/stm32l4xx_hal_dac_ex.o
                0x080025d0                HAL_DACEx_ConvHalfCpltCallbackCh2
 .text.HAL_DACEx_ErrorCallbackCh2
                0x080025e4       0x14 ./Drivers/STM32L4xx_HAL_Driver/Src/stm32l4xx_hal_dac_ex.o
                0x080025e4                HAL_DACEx_ErrorCallbackCh2
 .text.DAC_DMAConvCpltCh2
                0x080025f8       0x22 ./Drivers/STM32L4xx_HAL_Driver/Src/stm32l4xx_hal_dac_ex.o
                0x080025f8                DAC_DMAConvCpltCh2
 .text.DAC_DMAHalfConvCpltCh2
                0x0800261a       0x1c ./Drivers/STM32L4xx_HAL_Driver/Src/stm32l4xx_hal_dac_ex.o
                0x0800261a                DAC_DMAHalfConvCpltCh2
 .text.DAC_DMAErrorCh2
                0x08002636       0x2e ./Drivers/STM32L4xx_HAL_Driver/Src/stm32l4xx_hal_dac_ex.o
                0x08002636                DAC_DMAErrorCh2
 .text.HAL_DFSDM_ChannelInit
                0x08002664      0x180 ./Drivers/STM32L4xx_HAL_Driver/Src/stm32l4xx_hal_dfsdm.o
                0x08002664                HAL_DFSDM_ChannelInit
 .text.HAL_DFSDM_FilterInit
                0x080027e4      0x1b4 ./Drivers/STM32L4xx_HAL_Driver/Src/stm32l4xx_hal_dfsdm.o
                0x080027e4                HAL_DFSDM_FilterInit
 .text.HAL_DFSDM_FilterConfigRegChannel
                0x08002998       0x8a ./Drivers/STM32L4xx_HAL_Driver/Src/stm32l4xx_hal_dfsdm.o
                0x08002998                HAL_DFSDM_FilterConfigRegChannel
 *fill*         0x08002a22        0x2 
 .text.HAL_DFSDM_FilterRegularStart_DMA
                0x08002a24      0x104 ./Drivers/STM32L4xx_HAL_Driver/Src/stm32l4xx_hal_dfsdm.o
                0x08002a24                HAL_DFSDM_FilterRegularStart_DMA
 .text.HAL_DFSDM_FilterRegularStop_DMA
                0x08002b28       0x40 ./Drivers/STM32L4xx_HAL_Driver/Src/stm32l4xx_hal_dfsdm.o
                0x08002b28                HAL_DFSDM_FilterRegularStop_DMA
 .text.HAL_DFSDM_FilterErrorCallback
                0x08002b68       0x14 ./Drivers/STM32L4xx_HAL_Driver/Src/stm32l4xx_hal_dfsdm.o
                0x08002b68                HAL_DFSDM_FilterErrorCallback
 .text.DFSDM_DMARegularHalfConvCplt
                0x08002b7c       0x1c ./Drivers/STM32L4xx_HAL_Driver/Src/stm32l4xx_hal_dfsdm.o
 .text.DFSDM_DMARegularConvCplt
                0x08002b98       0x1c ./Drivers/STM32L4xx_HAL_Driver/Src/stm32l4xx_hal_dfsdm.o
 .text.DFSDM_DMAError
                0x08002bb4       0x22 ./Drivers/STM32L4xx_HAL_Driver/Src/stm32l4xx_hal_dfsdm.o
 *fill*         0x08002bd6        0x2 
 .text.DFSDM_GetChannelFromInstance
                0x08002bd8       0x98 ./Drivers/STM32L4xx_HAL_Driver/Src/stm32l4xx_hal_dfsdm.o
 .text.DFSDM_RegConvStart
                0x08002c70       0xac ./Drivers/STM32L4xx_HAL_Driver/Src/stm32l4xx_hal_dfsdm.o
 .text.DFSDM_RegConvStop
                0x08002d1c       0x9a ./Drivers/STM32L4xx_HAL_Driver/Src/stm32l4xx_hal_dfsdm.o
 *fill*         0x08002db6        0x2 
 .text.HAL_DMA_Init
                0x08002db8      0x150 ./Drivers/STM32L4xx_HAL_Driver/Src/stm32l4xx_hal_dma.o
                0x08002db8                HAL_DMA_Init
 .text.HAL_DMA_Start_IT
                0x08002f08       0xf6 ./Drivers/STM32L4xx_HAL_Driver/Src/stm32l4xx_hal_dma.o
                0x08002f08                HAL_DMA_Start_IT
 .text.HAL_DMA_Abort
                0x08002ffe       0xb8 ./Drivers/STM32L4xx_HAL_Driver/Src/stm32l4xx_hal_dma.o
                0x08002ffe                HAL_DMA_Abort
 .text.HAL_DMA_IRQHandler
                0x080030b6      0x15e ./Drivers/STM32L4xx_HAL_Driver/Src/stm32l4xx_hal_dma.o
                0x080030b6                HAL_DMA_IRQHandler
 .text.DMA_SetConfig
                0x08003214       0x7c ./Drivers/STM32L4xx_HAL_Driver/Src/stm32l4xx_hal_dma.o
 .text.DMA_CalcDMAMUXChannelBaseAndMask
                0x08003290       0x7c ./Drivers/STM32L4xx_HAL_Driver/Src/stm32l4xx_hal_dma.o
 .text.DMA_CalcDMAMUXRequestGenBaseAndMask
                0x0800330c       0x48 ./Drivers/STM32L4xx_HAL_Driver/Src/stm32l4xx_hal_dma.o
 .text.HAL_GPIO_Init
                0x08003354      0x324 ./Drivers/STM32L4xx_HAL_Driver/Src/stm32l4xx_hal_gpio.o
                0x08003354                HAL_GPIO_Init
 .text.HAL_GPIO_ReadPin
                0x08003678       0x30 ./Drivers/STM32L4xx_HAL_Driver/Src/stm32l4xx_hal_gpio.o
                0x08003678                HAL_GPIO_ReadPin
 .text.HAL_GPIO_WritePin
                0x080036a8       0x30 ./Drivers/STM32L4xx_HAL_Driver/Src/stm32l4xx_hal_gpio.o
                0x080036a8                HAL_GPIO_WritePin
 .text.HAL_GPIO_EXTI_IRQHandler
                0x080036d8       0x30 ./Drivers/STM32L4xx_HAL_Driver/Src/stm32l4xx_hal_gpio.o
                0x080036d8                HAL_GPIO_EXTI_IRQHandler
 .text.HAL_I2C_Init
                0x08003708      0x136 ./Drivers/STM32L4xx_HAL_Driver/Src/stm32l4xx_hal_i2c.o
                0x08003708                HAL_I2C_Init
 .text.HAL_I2CEx_ConfigAnalogFilter
                0x0800383e       0x96 ./Drivers/STM32L4xx_HAL_Driver/Src/stm32l4xx_hal_i2c_ex.o
                0x0800383e                HAL_I2CEx_ConfigAnalogFilter
 .text.HAL_I2CEx_ConfigDigitalFilter
                0x080038d4       0x98 ./Drivers/STM32L4xx_HAL_Driver/Src/stm32l4xx_hal_i2c_ex.o
                0x080038d4                HAL_I2CEx_ConfigDigitalFilter
 .text.HAL_PWREx_GetVoltageRange
                0x0800396c       0x40 ./Drivers/STM32L4xx_HAL_Driver/Src/stm32l4xx_hal_pwr_ex.o
                0x0800396c                HAL_PWREx_GetVoltageRange
 .text.HAL_PWREx_ControlVoltageScaling
                0x080039ac      0x148 ./Drivers/STM32L4xx_HAL_Driver/Src/stm32l4xx_hal_pwr_ex.o
                0x080039ac                HAL_PWREx_ControlVoltageScaling
 .text.HAL_RCC_OscConfig
                0x08003af4      0x834 ./Drivers/STM32L4xx_HAL_Driver/Src/stm32l4xx_hal_rcc.o
                0x08003af4                HAL_RCC_OscConfig
 .text.HAL_RCC_ClockConfig
                0x08004328      0x274 ./Drivers/STM32L4xx_HAL_Driver/Src/stm32l4xx_hal_rcc.o
                0x08004328                HAL_RCC_ClockConfig
 .text.HAL_RCC_GetSysClockFreq
                0x0800459c      0x118 ./Drivers/STM32L4xx_HAL_Driver/Src/stm32l4xx_hal_rcc.o
                0x0800459c                HAL_RCC_GetSysClockFreq
 .text.HAL_RCC_GetHCLKFreq
                0x080046b4       0x18 ./Drivers/STM32L4xx_HAL_Driver/Src/stm32l4xx_hal_rcc.o
                0x080046b4                HAL_RCC_GetHCLKFreq
 .text.HAL_RCC_GetPCLK1Freq
                0x080046cc       0x2c ./Drivers/STM32L4xx_HAL_Driver/Src/stm32l4xx_hal_rcc.o
                0x080046cc                HAL_RCC_GetPCLK1Freq
 .text.HAL_RCC_GetPCLK2Freq
                0x080046f8       0x2c ./Drivers/STM32L4xx_HAL_Driver/Src/stm32l4xx_hal_rcc.o
                0x080046f8                HAL_RCC_GetPCLK2Freq
 .text.RCC_SetFlashLatencyFromMSIRange
                0x08004724       0xb4 ./Drivers/STM32L4xx_HAL_Driver/Src/stm32l4xx_hal_rcc.o
 .text.RCC_GetSysClockFreqFromPLLSource
                0x080047d8       0xcc ./Drivers/STM32L4xx_HAL_Driver/Src/stm32l4xx_hal_rcc.o
 .text.HAL_RCCEx_PeriphCLKConfig
                0x080048a4      0x660 ./Drivers/STM32L4xx_HAL_Driver/Src/stm32l4xx_hal_rcc_ex.o
                0x080048a4                HAL_RCCEx_PeriphCLKConfig
 .text.RCCEx_PLLSAI1_Config
                0x08004f04      0x1e8 ./Drivers/STM32L4xx_HAL_Driver/Src/stm32l4xx_hal_rcc_ex.o
 .text.RCCEx_PLLSAI2_Config
                0x080050ec      0x1e8 ./Drivers/STM32L4xx_HAL_Driver/Src/stm32l4xx_hal_rcc_ex.o
 .text.HAL_TIM_Base_Init
                0x080052d4       0xae ./Drivers/STM32L4xx_HAL_Driver/Src/stm32l4xx_hal_tim.o
                0x080052d4                HAL_TIM_Base_Init
 *fill*         0x08005382        0x2 
 .text.HAL_TIM_Base_Start
                0x08005384       0xd0 ./Drivers/STM32L4xx_HAL_Driver/Src/stm32l4xx_hal_tim.o
                0x08005384                HAL_TIM_Base_Start
 .text.HAL_TIM_Base_Stop
                0x08005454       0x4e ./Drivers/STM32L4xx_HAL_Driver/Src/stm32l4xx_hal_tim.o
                0x08005454                HAL_TIM_Base_Stop
 *fill*         0x080054a2        0x2 
 .text.HAL_TIM_Base_Start_IT
                0x080054a4       0xe0 ./Drivers/STM32L4xx_HAL_Driver/Src/stm32l4xx_hal_tim.o
                0x080054a4                HAL_TIM_Base_Start_IT
 .text.HAL_TIM_PWM_Init
                0x08005584       0xae ./Drivers/STM32L4xx_HAL_Driver/Src/stm32l4xx_hal_tim.o
                0x08005584                HAL_TIM_PWM_Init
 .text.HAL_TIM_PWM_MspInit
                0x08005632       0x14 ./Drivers/STM32L4xx_HAL_Driver/Src/stm32l4xx_hal_tim.o
                0x08005632                HAL_TIM_PWM_MspInit
 .text.HAL_TIM_IRQHandler
                0x08005646      0x20e ./Drivers/STM32L4xx_HAL_Driver/Src/stm32l4xx_hal_tim.o
                0x08005646                HAL_TIM_IRQHandler
 .text.HAL_TIM_PWM_ConfigChannel
                0x08005854      0x228 ./Drivers/STM32L4xx_HAL_Driver/Src/stm32l4xx_hal_tim.o
                0x08005854                HAL_TIM_PWM_ConfigChannel
 .text.HAL_TIM_ConfigClockSource
                0x08005a7c      0x192 ./Drivers/STM32L4xx_HAL_Driver/Src/stm32l4xx_hal_tim.o
                0x08005a7c                HAL_TIM_ConfigClockSource
 .text.HAL_TIM_OC_DelayElapsedCallback
                0x08005c0e       0x14 ./Drivers/STM32L4xx_HAL_Driver/Src/stm32l4xx_hal_tim.o
                0x08005c0e                HAL_TIM_OC_DelayElapsedCallback
 .text.HAL_TIM_IC_CaptureCallback
                0x08005c22       0x14 ./Drivers/STM32L4xx_HAL_Driver/Src/stm32l4xx_hal_tim.o
                0x08005c22                HAL_TIM_IC_CaptureCallback
 .text.HAL_TIM_PWM_PulseFinishedCallback
                0x08005c36       0x14 ./Drivers/STM32L4xx_HAL_Driver/Src/stm32l4xx_hal_tim.o
                0x08005c36                HAL_TIM_PWM_PulseFinishedCallback
 .text.HAL_TIM_TriggerCallback
                0x08005c4a       0x14 ./Drivers/STM32L4xx_HAL_Driver/Src/stm32l4xx_hal_tim.o
                0x08005c4a                HAL_TIM_TriggerCallback
 *fill*         0x08005c5e        0x2 
 .text.TIM_Base_SetConfig
                0x08005c60      0x14c ./Drivers/STM32L4xx_HAL_Driver/Src/stm32l4xx_hal_tim.o
                0x08005c60                TIM_Base_SetConfig
 .text.TIM_OC1_SetConfig
                0x08005dac      0x120 ./Drivers/STM32L4xx_HAL_Driver/Src/stm32l4xx_hal_tim.o
 .text.TIM_OC2_SetConfig
                0x08005ecc      0x114 ./Drivers/STM32L4xx_HAL_Driver/Src/stm32l4xx_hal_tim.o
                0x08005ecc                TIM_OC2_SetConfig
 .text.TIM_OC3_SetConfig
                0x08005fe0      0x110 ./Drivers/STM32L4xx_HAL_Driver/Src/stm32l4xx_hal_tim.o
 .text.TIM_OC4_SetConfig
                0x080060f0       0xd4 ./Drivers/STM32L4xx_HAL_Driver/Src/stm32l4xx_hal_tim.o
 .text.TIM_OC5_SetConfig
                0x080061c4       0xc8 ./Drivers/STM32L4xx_HAL_Driver/Src/stm32l4xx_hal_tim.o
 .text.TIM_OC6_SetConfig
                0x0800628c       0xcc ./Drivers/STM32L4xx_HAL_Driver/Src/stm32l4xx_hal_tim.o
 .text.TIM_TI1_ConfigInputStage
                0x08006358       0x5e ./Drivers/STM32L4xx_HAL_Driver/Src/stm32l4xx_hal_tim.o
 .text.TIM_TI2_ConfigInputStage
                0x080063b6       0x60 ./Drivers/STM32L4xx_HAL_Driver/Src/stm32l4xx_hal_tim.o
 .text.TIM_ITRx_SetConfig
                0x08006416       0x36 ./Drivers/STM32L4xx_HAL_Driver/Src/stm32l4xx_hal_tim.o
 .text.TIM_ETR_SetConfig
                0x0800644c       0x40 ./Drivers/STM32L4xx_HAL_Driver/Src/stm32l4xx_hal_tim.o
                0x0800644c                TIM_ETR_SetConfig
 .text.HAL_TIMEx_MasterConfigSynchronization
                0x0800648c      0x110 ./Drivers/STM32L4xx_HAL_Driver/Src/stm32l4xx_hal_tim_ex.o
                0x0800648c                HAL_TIMEx_MasterConfigSynchronization
 .text.HAL_TIMEx_CommutCallback
                0x0800659c       0x14 ./Drivers/STM32L4xx_HAL_Driver/Src/stm32l4xx_hal_tim_ex.o
                0x0800659c                HAL_TIMEx_CommutCallback
 .text.HAL_TIMEx_BreakCallback
                0x080065b0       0x14 ./Drivers/STM32L4xx_HAL_Driver/Src/stm32l4xx_hal_tim_ex.o
                0x080065b0                HAL_TIMEx_BreakCallback
 .text.HAL_TIMEx_Break2Callback
                0x080065c4       0x14 ./Drivers/STM32L4xx_HAL_Driver/Src/stm32l4xx_hal_tim_ex.o
                0x080065c4                HAL_TIMEx_Break2Callback
 .text.HAL_UART_Init
                0x080065d8       0xa0 ./Drivers/STM32L4xx_HAL_Driver/Src/stm32l4xx_hal_uart.o
                0x080065d8                HAL_UART_Init
 .text.HAL_UART_Transmit
                0x08006678      0x11c ./Drivers/STM32L4xx_HAL_Driver/Src/stm32l4xx_hal_uart.o
                0x08006678                HAL_UART_Transmit
 .text.UART_SetConfig
                0x08006794      0x5f8 ./Drivers/STM32L4xx_HAL_Driver/Src/stm32l4xx_hal_uart.o
                0x08006794                UART_SetConfig
 .text.UART_AdvFeatureConfig
                0x08006d8c      0x144 ./Drivers/STM32L4xx_HAL_Driver/Src/stm32l4xx_hal_uart.o
                0x08006d8c                UART_AdvFeatureConfig
 .text.UART_CheckIdleState
                0x08006ed0      0x154 ./Drivers/STM32L4xx_HAL_Driver/Src/stm32l4xx_hal_uart.o
                0x08006ed0                UART_CheckIdleState
 .text.UART_WaitOnFlagUntilTimeout
                0x08007024       0xda ./Drivers/STM32L4xx_HAL_Driver/Src/stm32l4xx_hal_uart.o
                0x08007024                UART_WaitOnFlagUntilTimeout
 .text.UART_EndRxTransfer
                0x080070fe       0xcc ./Drivers/STM32L4xx_HAL_Driver/Src/stm32l4xx_hal_uart.o
 .text.HAL_UARTEx_DisableFifoMode
                0x080071ca       0x72 ./Drivers/STM32L4xx_HAL_Driver/Src/stm32l4xx_hal_uart_ex.o
                0x080071ca                HAL_UARTEx_DisableFifoMode
 .text.HAL_UARTEx_SetTxFifoThreshold
                0x0800723c       0x7c ./Drivers/STM32L4xx_HAL_Driver/Src/stm32l4xx_hal_uart_ex.o
                0x0800723c                HAL_UARTEx_SetTxFifoThreshold
 .text.HAL_UARTEx_SetRxFifoThreshold
                0x080072b8       0x7c ./Drivers/STM32L4xx_HAL_Driver/Src/stm32l4xx_hal_uart_ex.o
                0x080072b8                HAL_UARTEx_SetRxFifoThreshold
 .text.UARTEx_SetNbDataToProcess
                0x08007334       0x9c ./Drivers/STM32L4xx_HAL_Driver/Src/stm32l4xx_hal_uart_ex.o
 .text.arm_rfft_32_fast_init_f32
                0x080073d0       0x34 /Users/ansleanalbert/Documents/GitHub/walkie-talkie/final_project/Core/Lib/libarm_cortexM4lf_math.a(arm_rfft_fast_init_f32.o)
                0x080073d0                arm_rfft_32_fast_init_f32
 .text.arm_rfft_64_fast_init_f32
                0x08007404       0x34 /Users/ansleanalbert/Documents/GitHub/walkie-talkie/final_project/Core/Lib/libarm_cortexM4lf_math.a(arm_rfft_fast_init_f32.o)
                0x08007404                arm_rfft_64_fast_init_f32
 .text.arm_rfft_256_fast_init_f32
                0x08007438       0x38 /Users/ansleanalbert/Documents/GitHub/walkie-talkie/final_project/Core/Lib/libarm_cortexM4lf_math.a(arm_rfft_fast_init_f32.o)
                0x08007438                arm_rfft_256_fast_init_f32
 .text.arm_rfft_512_fast_init_f32
                0x08007470       0x3c /Users/ansleanalbert/Documents/GitHub/walkie-talkie/final_project/Core/Lib/libarm_cortexM4lf_math.a(arm_rfft_fast_init_f32.o)
                0x08007470                arm_rfft_512_fast_init_f32
 .text.arm_rfft_1024_fast_init_f32
                0x080074ac       0x3c /Users/ansleanalbert/Documents/GitHub/walkie-talkie/final_project/Core/Lib/libarm_cortexM4lf_math.a(arm_rfft_fast_init_f32.o)
                0x080074ac                arm_rfft_1024_fast_init_f32
 .text.arm_rfft_2048_fast_init_f32
                0x080074e8       0x3c /Users/ansleanalbert/Documents/GitHub/walkie-talkie/final_project/Core/Lib/libarm_cortexM4lf_math.a(arm_rfft_fast_init_f32.o)
                0x080074e8                arm_rfft_2048_fast_init_f32
 .text.arm_rfft_4096_fast_init_f32
                0x08007524       0x3c /Users/ansleanalbert/Documents/GitHub/walkie-talkie/final_project/Core/Lib/libarm_cortexM4lf_math.a(arm_rfft_fast_init_f32.o)
                0x08007524                arm_rfft_4096_fast_init_f32
 .text.arm_rfft_fast_init_f32
                0x08007560       0x68 /Users/ansleanalbert/Documents/GitHub/walkie-talkie/final_project/Core/Lib/libarm_cortexM4lf_math.a(arm_rfft_fast_init_f32.o)
                0x08007560                arm_rfft_fast_init_f32
 .text.snprintf
                0x080075c8       0x68 /Applications/STM32CubeIDE.app/Contents/Eclipse/plugins/com.st.stm32cube.ide.mcu.externaltools.gnu-tools-for-stm32.12.3.rel1.macos64_1.1.0.202410301201/tools/bin/../lib/gcc/arm-none-eabi/12.3.1/../../../../arm-none-eabi/lib/thumb/v7e-m+fp/hard/libc_nano.a(libc_a-snprintf.o)
                0x080075c8                snprintf
                0x080075c8                sniprintf
 .text.memset   0x08007630       0x10 /Applications/STM32CubeIDE.app/Contents/Eclipse/plugins/com.st.stm32cube.ide.mcu.externaltools.gnu-tools-for-stm32.12.3.rel1.macos64_1.1.0.202410301201/tools/bin/../lib/gcc/arm-none-eabi/12.3.1/../../../../arm-none-eabi/lib/thumb/v7e-m+fp/hard/libc_nano.a(libc_a-memset.o)
                0x08007630                memset
 .text.__errno  0x08007640        0xc /Applications/STM32CubeIDE.app/Contents/Eclipse/plugins/com.st.stm32cube.ide.mcu.externaltools.gnu-tools-for-stm32.12.3.rel1.macos64_1.1.0.202410301201/tools/bin/../lib/gcc/arm-none-eabi/12.3.1/../../../../arm-none-eabi/lib/thumb/v7e-m+fp/hard/libc_nano.a(libc_a-errno.o)
                0x08007640                __errno
 .text.__libc_init_array
                0x0800764c       0x48 /Applications/STM32CubeIDE.app/Contents/Eclipse/plugins/com.st.stm32cube.ide.mcu.externaltools.gnu-tools-for-stm32.12.3.rel1.macos64_1.1.0.202410301201/tools/bin/../lib/gcc/arm-none-eabi/12.3.1/../../../../arm-none-eabi/lib/thumb/v7e-m+fp/hard/libc_nano.a(libc_a-init.o)
                0x0800764c                __libc_init_array
 .text.__retarget_lock_acquire_recursive
                0x08007694        0x2 /Applications/STM32CubeIDE.app/Contents/Eclipse/plugins/com.st.stm32cube.ide.mcu.externaltools.gnu-tools-for-stm32.12.3.rel1.macos64_1.1.0.202410301201/tools/bin/../lib/gcc/arm-none-eabi/12.3.1/../../../../arm-none-eabi/lib/thumb/v7e-m+fp/hard/libc_nano.a(libc_a-lock.o)
                0x08007694                __retarget_lock_acquire_recursive
 .text.__retarget_lock_release_recursive
                0x08007696        0x2 /Applications/STM32CubeIDE.app/Contents/Eclipse/plugins/com.st.stm32cube.ide.mcu.externaltools.gnu-tools-for-stm32.12.3.rel1.macos64_1.1.0.202410301201/tools/bin/../lib/gcc/arm-none-eabi/12.3.1/../../../../arm-none-eabi/lib/thumb/v7e-m+fp/hard/libc_nano.a(libc_a-lock.o)
                0x08007696                __retarget_lock_release_recursive
 .text.__ssputs_r
                0x08007698       0xb6 /Applications/STM32CubeIDE.app/Contents/Eclipse/plugins/com.st.stm32cube.ide.mcu.externaltools.gnu-tools-for-stm32.12.3.rel1.macos64_1.1.0.202410301201/tools/bin/../lib/gcc/arm-none-eabi/12.3.1/../../../../arm-none-eabi/lib/thumb/v7e-m+fp/hard/libc_nano.a(libc_a-nano-svfprintf.o)
                0x08007698                __ssputs_r
 *fill*         0x0800774e        0x2 
 .text._svfprintf_r
                0x08007750      0x1f8 /Applications/STM32CubeIDE.app/Contents/Eclipse/plugins/com.st.stm32cube.ide.mcu.externaltools.gnu-tools-for-stm32.12.3.rel1.macos64_1.1.0.202410301201/tools/bin/../lib/gcc/arm-none-eabi/12.3.1/../../../../arm-none-eabi/lib/thumb/v7e-m+fp/hard/libc_nano.a(libc_a-nano-svfprintf.o)
                0x08007750                _svfprintf_r
                0x08007750                _svfiprintf_r
 .text.sbrk_aligned
                0x08007948       0x44 /Applications/STM32CubeIDE.app/Contents/Eclipse/plugins/com.st.stm32cube.ide.mcu.externaltools.gnu-tools-for-stm32.12.3.rel1.macos64_1.1.0.202410301201/tools/bin/../lib/gcc/arm-none-eabi/12.3.1/../../../../arm-none-eabi/lib/thumb/v7e-m+fp/hard/libc_nano.a(libc_a-mallocr.o)
 .text._malloc_r
                0x0800798c      0x100 /Applications/STM32CubeIDE.app/Contents/Eclipse/plugins/com.st.stm32cube.ide.mcu.externaltools.gnu-tools-for-stm32.12.3.rel1.macos64_1.1.0.202410301201/tools/bin/../lib/gcc/arm-none-eabi/12.3.1/../../../../arm-none-eabi/lib/thumb/v7e-m+fp/hard/libc_nano.a(libc_a-mallocr.o)
                0x0800798c                _malloc_r
 .text._printf_common
                0x08007a8c       0xda /Applications/STM32CubeIDE.app/Contents/Eclipse/plugins/com.st.stm32cube.ide.mcu.externaltools.gnu-tools-for-stm32.12.3.rel1.macos64_1.1.0.202410301201/tools/bin/../lib/gcc/arm-none-eabi/12.3.1/../../../../arm-none-eabi/lib/thumb/v7e-m+fp/hard/libc_nano.a(libc_a-nano-vfprintf_i.o)
                0x08007a8c                _printf_common
 *fill*         0x08007b66        0x2 
 .text._printf_i
                0x08007b68      0x240 /Applications/STM32CubeIDE.app/Contents/Eclipse/plugins/com.st.stm32cube.ide.mcu.externaltools.gnu-tools-for-stm32.12.3.rel1.macos64_1.1.0.202410301201/tools/bin/../lib/gcc/arm-none-eabi/12.3.1/../../../../arm-none-eabi/lib/thumb/v7e-m+fp/hard/libc_nano.a(libc_a-nano-vfprintf_i.o)
                0x08007b68                _printf_i
 .text.__malloc_lock
                0x08007da8        0xc /Applications/STM32CubeIDE.app/Contents/Eclipse/plugins/com.st.stm32cube.ide.mcu.externaltools.gnu-tools-for-stm32.12.3.rel1.macos64_1.1.0.202410301201/tools/bin/../lib/gcc/arm-none-eabi/12.3.1/../../../../arm-none-eabi/lib/thumb/v7e-m+fp/hard/libc_nano.a(libc_a-mlock.o)
                0x08007da8                __malloc_lock
 .text.__malloc_unlock
                0x08007db4        0xc /Applications/STM32CubeIDE.app/Contents/Eclipse/plugins/com.st.stm32cube.ide.mcu.externaltools.gnu-tools-for-stm32.12.3.rel1.macos64_1.1.0.202410301201/tools/bin/../lib/gcc/arm-none-eabi/12.3.1/../../../../arm-none-eabi/lib/thumb/v7e-m+fp/hard/libc_nano.a(libc_a-mlock.o)
                0x08007db4                __malloc_unlock
 .text._realloc_r
                0x08007dc0       0x5c /Applications/STM32CubeIDE.app/Contents/Eclipse/plugins/com.st.stm32cube.ide.mcu.externaltools.gnu-tools-for-stm32.12.3.rel1.macos64_1.1.0.202410301201/tools/bin/../lib/gcc/arm-none-eabi/12.3.1/../../../../arm-none-eabi/lib/thumb/v7e-m+fp/hard/libc_nano.a(libc_a-reallocr.o)
                0x08007dc0                _realloc_r
 .text.memmove  0x08007e1c       0x34 /Applications/STM32CubeIDE.app/Contents/Eclipse/plugins/com.st.stm32cube.ide.mcu.externaltools.gnu-tools-for-stm32.12.3.rel1.macos64_1.1.0.202410301201/tools/bin/../lib/gcc/arm-none-eabi/12.3.1/../../../../arm-none-eabi/lib/thumb/v7e-m+fp/hard/libc_nano.a(libc_a-memmove.o)
                0x08007e1c                memmove
 .text._sbrk_r  0x08007e50       0x20 /Applications/STM32CubeIDE.app/Contents/Eclipse/plugins/com.st.stm32cube.ide.mcu.externaltools.gnu-tools-for-stm32.12.3.rel1.macos64_1.1.0.202410301201/tools/bin/../lib/gcc/arm-none-eabi/12.3.1/../../../../arm-none-eabi/lib/thumb/v7e-m+fp/hard/libc_nano.a(libc_a-sbrkr.o)
                0x08007e50                _sbrk_r
 .text.memcpy   0x08007e70       0x1c /Applications/STM32CubeIDE.app/Contents/Eclipse/plugins/com.st.stm32cube.ide.mcu.externaltools.gnu-tools-for-stm32.12.3.rel1.macos64_1.1.0.202410301201/tools/bin/../lib/gcc/arm-none-eabi/12.3.1/../../../../arm-none-eabi/lib/thumb/v7e-m+fp/hard/libc_nano.a(libc_a-memcpy-stub.o)
                0x08007e70                memcpy
 .text._free_r  0x08007e8c       0x94 /Applications/STM32CubeIDE.app/Contents/Eclipse/plugins/com.st.stm32cube.ide.mcu.externaltools.gnu-tools-for-stm32.12.3.rel1.macos64_1.1.0.202410301201/tools/bin/../lib/gcc/arm-none-eabi/12.3.1/../../../../arm-none-eabi/lib/thumb/v7e-m+fp/hard/libc_nano.a(libc_a-freer.o)
                0x08007e8c                _free_r
 .text._malloc_usable_size_r
                0x08007f20       0x10 /Applications/STM32CubeIDE.app/Contents/Eclipse/plugins/com.st.stm32cube.ide.mcu.externaltools.gnu-tools-for-stm32.12.3.rel1.macos64_1.1.0.202410301201/tools/bin/../lib/gcc/arm-none-eabi/12.3.1/../../../../arm-none-eabi/lib/thumb/v7e-m+fp/hard/libc_nano.a(libc_a-msizer.o)
                0x08007f20                _malloc_usable_size_r
 .text.log2f    0x08007f30       0x14 /Applications/STM32CubeIDE.app/Contents/Eclipse/plugins/com.st.stm32cube.ide.mcu.externaltools.gnu-tools-for-stm32.12.3.rel1.macos64_1.1.0.202410301201/tools/bin/../lib/gcc/arm-none-eabi/12.3.1/../../../../arm-none-eabi/lib/thumb/v7e-m+fp/hard/libm.a(libm_a-wf_log2.o)
                0x08007f30                log2f
 .text.logf     0x08007f44       0x5c /Applications/STM32CubeIDE.app/Contents/Eclipse/plugins/com.st.stm32cube.ide.mcu.externaltools.gnu-tools-for-stm32.12.3.rel1.macos64_1.1.0.202410301201/tools/bin/../lib/gcc/arm-none-eabi/12.3.1/../../../../arm-none-eabi/lib/thumb/v7e-m+fp/hard/libm.a(libm_a-wf_log.o)
                0x08007f44                logf
 .text.nanf     0x08007fa0        0xc /Applications/STM32CubeIDE.app/Contents/Eclipse/plugins/com.st.stm32cube.ide.mcu.externaltools.gnu-tools-for-stm32.12.3.rel1.macos64_1.1.0.202410301201/tools/bin/../lib/gcc/arm-none-eabi/12.3.1/../../../../arm-none-eabi/lib/thumb/v7e-m+fp/hard/libm.a(libm_a-sf_nan.o)
                0x08007fa0                nanf
 .text.__ieee754_logf
                0x08007fac      0x1e4 /Applications/STM32CubeIDE.app/Contents/Eclipse/plugins/com.st.stm32cube.ide.mcu.externaltools.gnu-tools-for-stm32.12.3.rel1.macos64_1.1.0.202410301201/tools/bin/../lib/gcc/arm-none-eabi/12.3.1/../../../../arm-none-eabi/lib/thumb/v7e-m+fp/hard/libm.a(libm_a-ef_log.o)
                0x08007fac                __ieee754_logf
 *(.glue_7)
 .glue_7        0x08008190        0x0 linker stubs
 *(.glue_7t)
 .glue_7t       0x08008190        0x0 linker stubs
 *(.eh_frame)
 .eh_frame      0x08008190        0x0 /Applications/STM32CubeIDE.app/Contents/Eclipse/plugins/com.st.stm32cube.ide.mcu.externaltools.gnu-tools-for-stm32.12.3.rel1.macos64_1.1.0.202410301201/tools/bin/../lib/gcc/arm-none-eabi/12.3.1/thumb/v7e-m+fp/hard/crtbegin.o
 *(.init)
 .init          0x08008190        0x4 /Applications/STM32CubeIDE.app/Contents/Eclipse/plugins/com.st.stm32cube.ide.mcu.externaltools.gnu-tools-for-stm32.12.3.rel1.macos64_1.1.0.202410301201/tools/bin/../lib/gcc/arm-none-eabi/12.3.1/thumb/v7e-m+fp/hard/crti.o
                0x08008190                _init
 .init          0x08008194        0x8 /Applications/STM32CubeIDE.app/Contents/Eclipse/plugins/com.st.stm32cube.ide.mcu.externaltools.gnu-tools-for-stm32.12.3.rel1.macos64_1.1.0.202410301201/tools/bin/../lib/gcc/arm-none-eabi/12.3.1/thumb/v7e-m+fp/hard/crtn.o
 *(.fini)
 .fini          0x0800819c        0x4 /Applications/STM32CubeIDE.app/Contents/Eclipse/plugins/com.st.stm32cube.ide.mcu.externaltools.gnu-tools-for-stm32.12.3.rel1.macos64_1.1.0.202410301201/tools/bin/../lib/gcc/arm-none-eabi/12.3.1/thumb/v7e-m+fp/hard/crti.o
                0x0800819c                _fini
 .fini          0x080081a0        0x8 /Applications/STM32CubeIDE.app/Contents/Eclipse/plugins/com.st.stm32cube.ide.mcu.externaltools.gnu-tools-for-stm32.12.3.rel1.macos64_1.1.0.202410301201/tools/bin/../lib/gcc/arm-none-eabi/12.3.1/thumb/v7e-m+fp/hard/crtn.o
                0x080081a8                        . = ALIGN (0x4)
                0x080081a8                        _etext = .

.vfp11_veneer   0x080081a8        0x0
 .vfp11_veneer  0x080081a8        0x0 linker stubs

.v4_bx          0x080081a8        0x0
 .v4_bx         0x080081a8        0x0 linker stubs

.iplt           0x080081a8        0x0
 .iplt          0x080081a8        0x0 /Applications/STM32CubeIDE.app/Contents/Eclipse/plugins/com.st.stm32cube.ide.mcu.externaltools.gnu-tools-for-stm32.12.3.rel1.macos64_1.1.0.202410301201/tools/bin/../lib/gcc/arm-none-eabi/12.3.1/thumb/v7e-m+fp/hard/crtbegin.o

.rodata         0x080081a8    0x13280
                0x080081a8                        . = ALIGN (0x4)
 *(.rodata)
 .rodata        0x080081a8      0x1f1 ./Core/Src/main.o
 *(.rodata*)
 *fill*         0x08008399        0x3 
 .rodata.AHBPrescTable
                0x0800839c       0x10 ./Core/Src/system_stm32l4xx.o
                0x0800839c                AHBPrescTable
 .rodata.APBPrescTable
                0x080083ac        0x8 ./Core/Src/system_stm32l4xx.o
                0x080083ac                APBPrescTable
 .rodata.MSIRangeTable
                0x080083b4       0x30 ./Core/Src/system_stm32l4xx.o
                0x080083b4                MSIRangeTable
 .rodata.UARTPrescTable
                0x080083e4       0x18 ./Drivers/STM32L4xx_HAL_Driver/Src/stm32l4xx_hal_uart.o
                0x080083e4                UARTPrescTable
 .rodata.numerator.1
                0x080083fc        0x8 ./Drivers/STM32L4xx_HAL_Driver/Src/stm32l4xx_hal_uart_ex.o
 .rodata.denominator.0
                0x08008404        0x8 ./Drivers/STM32L4xx_HAL_Driver/Src/stm32l4xx_hal_uart_ex.o
 .rodata.armBitRevIndexTable1024
                0x0800840c      0xe10 /Users/ansleanalbert/Documents/GitHub/walkie-talkie/final_project/Core/Lib/libarm_cortexM4lf_math.a(arm_common_tables.o)
                0x0800840c                armBitRevIndexTable1024
 .rodata.armBitRevIndexTable128
                0x0800921c      0x1a0 /Users/ansleanalbert/Documents/GitHub/walkie-talkie/final_project/Core/Lib/libarm_cortexM4lf_math.a(arm_common_tables.o)
                0x0800921c                armBitRevIndexTable128
 .rodata.armBitRevIndexTable16
                0x080093bc       0x28 /Users/ansleanalbert/Documents/GitHub/walkie-talkie/final_project/Core/Lib/libarm_cortexM4lf_math.a(arm_common_tables.o)
                0x080093bc                armBitRevIndexTable16
 .rodata.armBitRevIndexTable2048
                0x080093e4     0x1dc0 /Users/ansleanalbert/Documents/GitHub/walkie-talkie/final_project/Core/Lib/libarm_cortexM4lf_math.a(arm_common_tables.o)
                0x080093e4                armBitRevIndexTable2048
 .rodata.armBitRevIndexTable256
                0x0800b1a4      0x370 /Users/ansleanalbert/Documents/GitHub/walkie-talkie/final_project/Core/Lib/libarm_cortexM4lf_math.a(arm_common_tables.o)
                0x0800b1a4                armBitRevIndexTable256
 .rodata.armBitRevIndexTable32
                0x0800b514       0x60 /Users/ansleanalbert/Documents/GitHub/walkie-talkie/final_project/Core/Lib/libarm_cortexM4lf_math.a(arm_common_tables.o)
                0x0800b514                armBitRevIndexTable32
 .rodata.armBitRevIndexTable512
                0x0800b574      0x380 /Users/ansleanalbert/Documents/GitHub/walkie-talkie/final_project/Core/Lib/libarm_cortexM4lf_math.a(arm_common_tables.o)
                0x0800b574                armBitRevIndexTable512
 .rodata.twiddleCoef_1024
                0x0800b8f4     0x2000 /Users/ansleanalbert/Documents/GitHub/walkie-talkie/final_project/Core/Lib/libarm_cortexM4lf_math.a(arm_common_tables.o)
                0x0800b8f4                twiddleCoef_1024
 .rodata.twiddleCoef_128
                0x0800d8f4      0x400 /Users/ansleanalbert/Documents/GitHub/walkie-talkie/final_project/Core/Lib/libarm_cortexM4lf_math.a(arm_common_tables.o)
                0x0800d8f4                twiddleCoef_128
 .rodata.twiddleCoef_16
                0x0800dcf4       0x80 /Users/ansleanalbert/Documents/GitHub/walkie-talkie/final_project/Core/Lib/libarm_cortexM4lf_math.a(arm_common_tables.o)
                0x0800dcf4                twiddleCoef_16
 .rodata.twiddleCoef_2048
                0x0800dd74     0x4000 /Users/ansleanalbert/Documents/GitHub/walkie-talkie/final_project/Core/Lib/libarm_cortexM4lf_math.a(arm_common_tables.o)
                0x0800dd74                twiddleCoef_2048
 .rodata.twiddleCoef_256
                0x08011d74      0x800 /Users/ansleanalbert/Documents/GitHub/walkie-talkie/final_project/Core/Lib/libarm_cortexM4lf_math.a(arm_common_tables.o)
                0x08011d74                twiddleCoef_256
 .rodata.twiddleCoef_32
                0x08012574      0x100 /Users/ansleanalbert/Documents/GitHub/walkie-talkie/final_project/Core/Lib/libarm_cortexM4lf_math.a(arm_common_tables.o)
                0x08012574                twiddleCoef_32
 .rodata.twiddleCoef_512
                0x08012674     0x1000 /Users/ansleanalbert/Documents/GitHub/walkie-talkie/final_project/Core/Lib/libarm_cortexM4lf_math.a(arm_common_tables.o)
                0x08012674                twiddleCoef_512
 .rodata.twiddleCoef_rfft_1024
                0x08013674     0x1000 /Users/ansleanalbert/Documents/GitHub/walkie-talkie/final_project/Core/Lib/libarm_cortexM4lf_math.a(arm_common_tables.o)
                0x08013674                twiddleCoef_rfft_1024
 .rodata.twiddleCoef_rfft_2048
                0x08014674     0x2000 /Users/ansleanalbert/Documents/GitHub/walkie-talkie/final_project/Core/Lib/libarm_cortexM4lf_math.a(arm_common_tables.o)
                0x08014674                twiddleCoef_rfft_2048
 .rodata.twiddleCoef_rfft_256
                0x08016674      0x400 /Users/ansleanalbert/Documents/GitHub/walkie-talkie/final_project/Core/Lib/libarm_cortexM4lf_math.a(arm_common_tables.o)
                0x08016674                twiddleCoef_rfft_256
 .rodata.twiddleCoef_rfft_32
                0x08016a74       0x80 /Users/ansleanalbert/Documents/GitHub/walkie-talkie/final_project/Core/Lib/libarm_cortexM4lf_math.a(arm_common_tables.o)
                0x08016a74                twiddleCoef_rfft_32
 .rodata.twiddleCoef_rfft_4096
                0x08016af4     0x4000 /Users/ansleanalbert/Documents/GitHub/walkie-talkie/final_project/Core/Lib/libarm_cortexM4lf_math.a(arm_common_tables.o)
                0x08016af4                twiddleCoef_rfft_4096
 .rodata.twiddleCoef_rfft_512
                0x0801aaf4      0x800 /Users/ansleanalbert/Documents/GitHub/walkie-talkie/final_project/Core/Lib/libarm_cortexM4lf_math.a(arm_common_tables.o)
                0x0801aaf4                twiddleCoef_rfft_512
 .rodata.twiddleCoef_rfft_64
                0x0801b2f4      0x100 /Users/ansleanalbert/Documents/GitHub/walkie-talkie/final_project/Core/Lib/libarm_cortexM4lf_math.a(arm_common_tables.o)
                0x0801b2f4                twiddleCoef_rfft_64
 .rodata._svfprintf_r.str1.1
                0x0801b3f4       0x11 /Applications/STM32CubeIDE.app/Contents/Eclipse/plugins/com.st.stm32cube.ide.mcu.externaltools.gnu-tools-for-stm32.12.3.rel1.macos64_1.1.0.202410301201/tools/bin/../lib/gcc/arm-none-eabi/12.3.1/../../../../arm-none-eabi/lib/thumb/v7e-m+fp/hard/libc_nano.a(libc_a-nano-svfprintf.o)
 .rodata._printf_i.str1.1
                0x0801b405       0x22 /Applications/STM32CubeIDE.app/Contents/Eclipse/plugins/com.st.stm32cube.ide.mcu.externaltools.gnu-tools-for-stm32.12.3.rel1.macos64_1.1.0.202410301201/tools/bin/../lib/gcc/arm-none-eabi/12.3.1/../../../../arm-none-eabi/lib/thumb/v7e-m+fp/hard/libc_nano.a(libc_a-nano-vfprintf_i.o)
 .rodata.logf.str1.1
                0x0801b427       0x22 /Applications/STM32CubeIDE.app/Contents/Eclipse/plugins/com.st.stm32cube.ide.mcu.externaltools.gnu-tools-for-stm32.12.3.rel1.macos64_1.1.0.202410301201/tools/bin/../lib/gcc/arm-none-eabi/12.3.1/../../../../arm-none-eabi/lib/thumb/v7e-m+fp/hard/libm.a(libm_a-wf_log.o)
                                  0x1 (size before relaxing)
                0x0801b44c                        . = ALIGN (0x4)
 *fill*         0x0801b427        0x1 

.ARM.extab      0x0801b428        0x0
                0x0801b428                        . = ALIGN (0x4)
 *(.ARM.extab* .gnu.linkonce.armextab.*)
                0x0801b428                        . = ALIGN (0x4)

.ARM            0x0801b428        0x8
                0x0801b428                        . = ALIGN (0x4)
                0x0801b428                        __exidx_start = .
 *(.ARM.exidx*)
 .ARM.exidx     0x0801b428        0x8 /Applications/STM32CubeIDE.app/Contents/Eclipse/plugins/com.st.stm32cube.ide.mcu.externaltools.gnu-tools-for-stm32.12.3.rel1.macos64_1.1.0.202410301201/tools/bin/../lib/gcc/arm-none-eabi/12.3.1/../../../../arm-none-eabi/lib/thumb/v7e-m+fp/hard/libc_nano.a(libc_a-strlen.o)
 .ARM.exidx     0x0801b430        0x0 /Applications/STM32CubeIDE.app/Contents/Eclipse/plugins/com.st.stm32cube.ide.mcu.externaltools.gnu-tools-for-stm32.12.3.rel1.macos64_1.1.0.202410301201/tools/bin/../lib/gcc/arm-none-eabi/12.3.1/../../../../arm-none-eabi/lib/thumb/v7e-m+fp/hard/libc_nano.a(libc_a-memchr.o)
                                  0x8 (size before relaxing)
 .ARM.exidx     0x0801b430        0x0 /Applications/STM32CubeIDE.app/Contents/Eclipse/plugins/com.st.stm32cube.ide.mcu.externaltools.gnu-tools-for-stm32.12.3.rel1.macos64_1.1.0.202410301201/tools/bin/../lib/gcc/arm-none-eabi/12.3.1/thumb/v7e-m+fp/hard/libgcc.a(_udivmoddi4.o)
                                  0x8 (size before relaxing)
                0x0801b430                        __exidx_end = .
                0x0801b430                        . = ALIGN (0x4)

.preinit_array  0x0801b430        0x0
                0x0801b430                        . = ALIGN (0x4)
                0x0801b430                        PROVIDE (__preinit_array_start = .)
 *(.preinit_array*)
                0x0801b430                        PROVIDE (__preinit_array_end = .)
                0x0801b430                        . = ALIGN (0x4)

.init_array     0x0801b430        0x4
                0x0801b430                        . = ALIGN (0x4)
                0x0801b430                        PROVIDE (__init_array_start = .)
 *(SORT_BY_NAME(.init_array.*))
 *(.init_array*)
 .init_array    0x0801b430        0x4 /Applications/STM32CubeIDE.app/Contents/Eclipse/plugins/com.st.stm32cube.ide.mcu.externaltools.gnu-tools-for-stm32.12.3.rel1.macos64_1.1.0.202410301201/tools/bin/../lib/gcc/arm-none-eabi/12.3.1/thumb/v7e-m+fp/hard/crtbegin.o
                0x0801b434                        PROVIDE (__init_array_end = .)
                0x0801b434                        . = ALIGN (0x4)

.fini_array     0x0801b434        0x4
                0x0801b434                        . = ALIGN (0x4)
                [!provide]                        PROVIDE (__fini_array_start = .)
 *(SORT_BY_NAME(.fini_array.*))
 *(.fini_array*)
 .fini_array    0x0801b434        0x4 /Applications/STM32CubeIDE.app/Contents/Eclipse/plugins/com.st.stm32cube.ide.mcu.externaltools.gnu-tools-for-stm32.12.3.rel1.macos64_1.1.0.202410301201/tools/bin/../lib/gcc/arm-none-eabi/12.3.1/thumb/v7e-m+fp/hard/crtbegin.o
                [!provide]                        PROVIDE (__fini_array_end = .)
                0x0801b438                        . = ALIGN (0x4)
                0x0801b438                        _sidata = LOADADDR (.data)

.rel.dyn        0x0801b438        0x0
 .rel.iplt      0x0801b438        0x0 /Applications/STM32CubeIDE.app/Contents/Eclipse/plugins/com.st.stm32cube.ide.mcu.externaltools.gnu-tools-for-stm32.12.3.rel1.macos64_1.1.0.202410301201/tools/bin/../lib/gcc/arm-none-eabi/12.3.1/thumb/v7e-m+fp/hard/crtbegin.o

.data           0x20000000       0x5c load address 0x0801b438
                0x20000000                        . = ALIGN (0x4)
                0x20000000                        _sdata = .
 *(.data)
 *(.data*)
 .data.SystemCoreClock
                0x20000000        0x4 ./Core/Src/system_stm32l4xx.o
                0x20000000                SystemCoreClock
 .data.uwTickPrio
                0x20000004        0x4 ./Drivers/STM32L4xx_HAL_Driver/Src/stm32l4xx_hal.o
                0x20000004                uwTickPrio
 .data.uwTickFreq
                0x20000008        0x1 ./Drivers/STM32L4xx_HAL_Driver/Src/stm32l4xx_hal.o
                0x20000008                uwTickFreq
 *fill*         0x20000009        0x3 
 .data._impure_ptr
                0x2000000c        0x4 /Applications/STM32CubeIDE.app/Contents/Eclipse/plugins/com.st.stm32cube.ide.mcu.externaltools.gnu-tools-for-stm32.12.3.rel1.macos64_1.1.0.202410301201/tools/bin/../lib/gcc/arm-none-eabi/12.3.1/../../../../arm-none-eabi/lib/thumb/v7e-m+fp/hard/libc_nano.a(libc_a-impure.o)
                0x2000000c                _impure_ptr
 .data._impure_data
                0x20000010       0x4c /Applications/STM32CubeIDE.app/Contents/Eclipse/plugins/com.st.stm32cube.ide.mcu.externaltools.gnu-tools-for-stm32.12.3.rel1.macos64_1.1.0.202410301201/tools/bin/../lib/gcc/arm-none-eabi/12.3.1/../../../../arm-none-eabi/lib/thumb/v7e-m+fp/hard/libc_nano.a(libc_a-impure.o)
                0x20000010                _impure_data
 *(.RamFunc)
 *(.RamFunc*)
                0x2000005c                        . = ALIGN (0x4)
                0x2000005c                        _edata = .

.igot.plt       0x2000005c        0x0 load address 0x0801b494
 .igot.plt      0x2000005c        0x0 /Applications/STM32CubeIDE.app/Contents/Eclipse/plugins/com.st.stm32cube.ide.mcu.externaltools.gnu-tools-for-stm32.12.3.rel1.macos64_1.1.0.202410301201/tools/bin/../lib/gcc/arm-none-eabi/12.3.1/thumb/v7e-m+fp/hard/crtbegin.o
                0x2000005c                        . = ALIGN (0x4)

.bss            0x2000005c    0x40e2c load address 0x0801b494
                0x2000005c                        _sbss = .
                0x2000005c                        __bss_start__ = _sbss
 *(.bss)
 .bss           0x2000005c       0x1c /Applications/STM32CubeIDE.app/Contents/Eclipse/plugins/com.st.stm32cube.ide.mcu.externaltools.gnu-tools-for-stm32.12.3.rel1.macos64_1.1.0.202410301201/tools/bin/../lib/gcc/arm-none-eabi/12.3.1/thumb/v7e-m+fp/hard/crtbegin.o
 *(.bss*)
 .bss.hdac1     0x20000078       0x14 ./Core/Src/main.o
                0x20000078                hdac1
 .bss.hdma_dac1_ch1
                0x2000008c       0x60 ./Core/Src/main.o
                0x2000008c                hdma_dac1_ch1
 .bss.hdfsdm1_filter0
                0x200000ec       0x54 ./Core/Src/main.o
                0x200000ec                hdfsdm1_filter0
 .bss.hdfsdm1_channel2
                0x20000140       0x38 ./Core/Src/main.o
                0x20000140                hdfsdm1_channel2
 .bss.hdma_dfsdm1_flt0
                0x20000178       0x60 ./Core/Src/main.o
                0x20000178                hdma_dfsdm1_flt0
 .bss.hi2c2     0x200001d8       0x54 ./Core/Src/main.o
                0x200001d8                hi2c2
 .bss.htim2     0x2000022c       0x4c ./Core/Src/main.o
                0x2000022c                htim2
 .bss.htim3     0x20000278       0x4c ./Core/Src/main.o
                0x20000278                htim3
 .bss.huart1    0x200002c4       0x94 ./Core/Src/main.o
                0x200002c4                huart1
 .bss.DmaRecHalfBuffCplt
                0x20000358        0x1 ./Core/Src/main.o
                0x20000358                DmaRecHalfBuffCplt
 .bss.DmaRecBuffCplt
                0x20000359        0x1 ./Core/Src/main.o
                0x20000359                DmaRecBuffCplt
 .bss.button_state
                0x2000035a        0x1 ./Core/Src/main.o
                0x2000035a                button_state
 *fill*         0x2000035b        0x1 
 .bss.RecBuf    0x2000035c    0x2b110 ./Core/Src/main.o
                0x2000035c                RecBuf
 .bss.speakerWave
                0x2002b46c    0x15888 ./Core/Src/main.o
                0x2002b46c                speakerWave
 .bss.fftHandler
                0x20040cf4       0x18 ./Core/Src/main.o
                0x20040cf4                fftHandler
 .bss.HAL_RCC_DFSDM1_CLK_ENABLED
                0x20040d0c        0x4 ./Core/Src/stm32l4xx_hal_msp.o
 .bss.DFSDM1_Init
                0x20040d10        0x4 ./Core/Src/stm32l4xx_hal_msp.o
 .bss.__sbrk_heap_end
                0x20040d14        0x4 ./Core/Src/sysmem.o
 .bss.uwTick    0x20040d18        0x4 ./Drivers/STM32L4xx_HAL_Driver/Src/stm32l4xx_hal.o
                0x20040d18                uwTick
 .bss.v_dfsdm1ChannelCounter
                0x20040d1c        0x4 ./Drivers/STM32L4xx_HAL_Driver/Src/stm32l4xx_hal_dfsdm.o
 .bss.a_dfsdm1ChannelHandle
                0x20040d20       0x20 ./Drivers/STM32L4xx_HAL_Driver/Src/stm32l4xx_hal_dfsdm.o
 .bss.__sf      0x20040d40      0x138 /Applications/STM32CubeIDE.app/Contents/Eclipse/plugins/com.st.stm32cube.ide.mcu.externaltools.gnu-tools-for-stm32.12.3.rel1.macos64_1.1.0.202410301201/tools/bin/../lib/gcc/arm-none-eabi/12.3.1/../../../../arm-none-eabi/lib/thumb/v7e-m+fp/hard/libc_nano.a(libc_a-findfp.o)
                0x20040d40                __sf
 .bss.__lock___malloc_recursive_mutex
                0x20040e78        0x1 /Applications/STM32CubeIDE.app/Contents/Eclipse/plugins/com.st.stm32cube.ide.mcu.externaltools.gnu-tools-for-stm32.12.3.rel1.macos64_1.1.0.202410301201/tools/bin/../lib/gcc/arm-none-eabi/12.3.1/../../../../arm-none-eabi/lib/thumb/v7e-m+fp/hard/libc_nano.a(libc_a-lock.o)
                0x20040e78                __lock___malloc_recursive_mutex
 *fill*         0x20040e79        0x3 
 .bss.__malloc_sbrk_start
                0x20040e7c        0x4 /Applications/STM32CubeIDE.app/Contents/Eclipse/plugins/com.st.stm32cube.ide.mcu.externaltools.gnu-tools-for-stm32.12.3.rel1.macos64_1.1.0.202410301201/tools/bin/../lib/gcc/arm-none-eabi/12.3.1/../../../../arm-none-eabi/lib/thumb/v7e-m+fp/hard/libc_nano.a(libc_a-mallocr.o)
                0x20040e7c                __malloc_sbrk_start
 .bss.__malloc_free_list
                0x20040e80        0x4 /Applications/STM32CubeIDE.app/Contents/Eclipse/plugins/com.st.stm32cube.ide.mcu.externaltools.gnu-tools-for-stm32.12.3.rel1.macos64_1.1.0.202410301201/tools/bin/../lib/gcc/arm-none-eabi/12.3.1/../../../../arm-none-eabi/lib/thumb/v7e-m+fp/hard/libc_nano.a(libc_a-mallocr.o)
                0x20040e80                __malloc_free_list
 .bss.errno     0x20040e84        0x4 /Applications/STM32CubeIDE.app/Contents/Eclipse/plugins/com.st.stm32cube.ide.mcu.externaltools.gnu-tools-for-stm32.12.3.rel1.macos64_1.1.0.202410301201/tools/bin/../lib/gcc/arm-none-eabi/12.3.1/../../../../arm-none-eabi/lib/thumb/v7e-m+fp/hard/libc_nano.a(libc_a-reent.o)
                0x20040e84                errno
 *(COMMON)
                0x20040e88                        . = ALIGN (0x4)
                0x20040e88                        _ebss = .
                0x20040e88                        __bss_end__ = _ebss

._user_heap_stack
                0x20040e88      0x600 load address 0x0801b494
                0x20040e88                        . = ALIGN (0x8)
                [!provide]                        PROVIDE (end = .)
                0x20040e88                        PROVIDE (_end = .)
                0x20041088                        . = (. + _Min_Heap_Size)
 *fill*         0x20040e88      0x200 
                0x20041488                        . = (. + _Min_Stack_Size)
 *fill*         0x20041088      0x400 
                0x20041488                        . = ALIGN (0x8)

/DISCARD/
 libc.a(*)
 libm.a(*)
 libgcc.a(*)

.ARM.attributes
                0x00000000       0x30
 *(.ARM.attributes)
 .ARM.attributes
                0x00000000       0x22 /Applications/STM32CubeIDE.app/Contents/Eclipse/plugins/com.st.stm32cube.ide.mcu.externaltools.gnu-tools-for-stm32.12.3.rel1.macos64_1.1.0.202410301201/tools/bin/../lib/gcc/arm-none-eabi/12.3.1/thumb/v7e-m+fp/hard/crti.o
 .ARM.attributes
                0x00000022       0x34 /Applications/STM32CubeIDE.app/Contents/Eclipse/plugins/com.st.stm32cube.ide.mcu.externaltools.gnu-tools-for-stm32.12.3.rel1.macos64_1.1.0.202410301201/tools/bin/../lib/gcc/arm-none-eabi/12.3.1/thumb/v7e-m+fp/hard/crtbegin.o
 .ARM.attributes
                0x00000056       0x34 ./Core/Src/main.o
 .ARM.attributes
                0x0000008a       0x34 ./Core/Src/stm32l4xx_hal_msp.o
 .ARM.attributes
                0x000000be       0x34 ./Core/Src/stm32l4xx_it.o
 .ARM.attributes
                0x000000f2       0x34 ./Core/Src/sysmem.o
 .ARM.attributes
                0x00000126       0x34 ./Core/Src/system_stm32l4xx.o
 .ARM.attributes
                0x0000015a       0x21 ./Core/Startup/startup_stm32l4s5vitx.o
 .ARM.attributes
                0x0000017b       0x34 ./Drivers/STM32L4xx_HAL_Driver/Src/stm32l4xx_hal.o
 .ARM.attributes
                0x000001af       0x34 ./Drivers/STM32L4xx_HAL_Driver/Src/stm32l4xx_hal_cortex.o
 .ARM.attributes
                0x000001e3       0x34 ./Drivers/STM32L4xx_HAL_Driver/Src/stm32l4xx_hal_dac.o
 .ARM.attributes
                0x00000217       0x34 ./Drivers/STM32L4xx_HAL_Driver/Src/stm32l4xx_hal_dac_ex.o
 .ARM.attributes
                0x0000024b       0x34 ./Drivers/STM32L4xx_HAL_Driver/Src/stm32l4xx_hal_dfsdm.o
 .ARM.attributes
                0x0000027f       0x34 ./Drivers/STM32L4xx_HAL_Driver/Src/stm32l4xx_hal_dma.o
 .ARM.attributes
                0x000002b3       0x34 ./Drivers/STM32L4xx_HAL_Driver/Src/stm32l4xx_hal_gpio.o
 .ARM.attributes
                0x000002e7       0x34 ./Drivers/STM32L4xx_HAL_Driver/Src/stm32l4xx_hal_i2c.o
 .ARM.attributes
                0x0000031b       0x34 ./Drivers/STM32L4xx_HAL_Driver/Src/stm32l4xx_hal_i2c_ex.o
 .ARM.attributes
                0x0000034f       0x34 ./Drivers/STM32L4xx_HAL_Driver/Src/stm32l4xx_hal_pwr_ex.o
 .ARM.attributes
                0x00000383       0x34 ./Drivers/STM32L4xx_HAL_Driver/Src/stm32l4xx_hal_rcc.o
 .ARM.attributes
                0x000003b7       0x34 ./Drivers/STM32L4xx_HAL_Driver/Src/stm32l4xx_hal_rcc_ex.o
 .ARM.attributes
                0x000003eb       0x34 ./Drivers/STM32L4xx_HAL_Driver/Src/stm32l4xx_hal_tim.o
 .ARM.attributes
                0x0000041f       0x34 ./Drivers/STM32L4xx_HAL_Driver/Src/stm32l4xx_hal_tim_ex.o
 .ARM.attributes
                0x00000453       0x34 ./Drivers/STM32L4xx_HAL_Driver/Src/stm32l4xx_hal_uart.o
 .ARM.attributes
                0x00000487       0x34 ./Drivers/STM32L4xx_HAL_Driver/Src/stm32l4xx_hal_uart_ex.o
 .ARM.attributes
                0x000004bb       0x34 /Users/ansleanalbert/Documents/GitHub/walkie-talkie/final_project/Core/Lib/libarm_cortexM4lf_math.a(arm_rfft_fast_init_f32.o)
 .ARM.attributes
                0x000004ef       0x39 /Users/ansleanalbert/Documents/GitHub/walkie-talkie/final_project/Core/Lib/libarm_cortexM4lf_math.a(arm_common_tables.o)
 .ARM.attributes
                0x00000528       0x34 /Applications/STM32CubeIDE.app/Contents/Eclipse/plugins/com.st.stm32cube.ide.mcu.externaltools.gnu-tools-for-stm32.12.3.rel1.macos64_1.1.0.202410301201/tools/bin/../lib/gcc/arm-none-eabi/12.3.1/../../../../arm-none-eabi/lib/thumb/v7e-m+fp/hard/libc_nano.a(libc_a-snprintf.o)
 .ARM.attributes
                0x0000055c       0x34 /Applications/STM32CubeIDE.app/Contents/Eclipse/plugins/com.st.stm32cube.ide.mcu.externaltools.gnu-tools-for-stm32.12.3.rel1.macos64_1.1.0.202410301201/tools/bin/../lib/gcc/arm-none-eabi/12.3.1/../../../../arm-none-eabi/lib/thumb/v7e-m+fp/hard/libc_nano.a(libc_a-findfp.o)
 .ARM.attributes
                0x00000590       0x34 /Applications/STM32CubeIDE.app/Contents/Eclipse/plugins/com.st.stm32cube.ide.mcu.externaltools.gnu-tools-for-stm32.12.3.rel1.macos64_1.1.0.202410301201/tools/bin/../lib/gcc/arm-none-eabi/12.3.1/../../../../arm-none-eabi/lib/thumb/v7e-m+fp/hard/libc_nano.a(libc_a-memset.o)
 .ARM.attributes
                0x000005c4       0x34 /Applications/STM32CubeIDE.app/Contents/Eclipse/plugins/com.st.stm32cube.ide.mcu.externaltools.gnu-tools-for-stm32.12.3.rel1.macos64_1.1.0.202410301201/tools/bin/../lib/gcc/arm-none-eabi/12.3.1/../../../../arm-none-eabi/lib/thumb/v7e-m+fp/hard/libc_nano.a(libc_a-impure.o)
 .ARM.attributes
                0x000005f8       0x34 /Applications/STM32CubeIDE.app/Contents/Eclipse/plugins/com.st.stm32cube.ide.mcu.externaltools.gnu-tools-for-stm32.12.3.rel1.macos64_1.1.0.202410301201/tools/bin/../lib/gcc/arm-none-eabi/12.3.1/../../../../arm-none-eabi/lib/thumb/v7e-m+fp/hard/libc_nano.a(libc_a-errno.o)
 .ARM.attributes
                0x0000062c       0x34 /Applications/STM32CubeIDE.app/Contents/Eclipse/plugins/com.st.stm32cube.ide.mcu.externaltools.gnu-tools-for-stm32.12.3.rel1.macos64_1.1.0.202410301201/tools/bin/../lib/gcc/arm-none-eabi/12.3.1/../../../../arm-none-eabi/lib/thumb/v7e-m+fp/hard/libc_nano.a(libc_a-init.o)
 .ARM.attributes
                0x00000660       0x34 /Applications/STM32CubeIDE.app/Contents/Eclipse/plugins/com.st.stm32cube.ide.mcu.externaltools.gnu-tools-for-stm32.12.3.rel1.macos64_1.1.0.202410301201/tools/bin/../lib/gcc/arm-none-eabi/12.3.1/../../../../arm-none-eabi/lib/thumb/v7e-m+fp/hard/libc_nano.a(libc_a-lock.o)
 .ARM.attributes
                0x00000694       0x17 /Applications/STM32CubeIDE.app/Contents/Eclipse/plugins/com.st.stm32cube.ide.mcu.externaltools.gnu-tools-for-stm32.12.3.rel1.macos64_1.1.0.202410301201/tools/bin/../lib/gcc/arm-none-eabi/12.3.1/../../../../arm-none-eabi/lib/thumb/v7e-m+fp/hard/libc_nano.a(libc_a-strlen.o)
 .ARM.attributes
                0x000006ab       0x34 /Applications/STM32CubeIDE.app/Contents/Eclipse/plugins/com.st.stm32cube.ide.mcu.externaltools.gnu-tools-for-stm32.12.3.rel1.macos64_1.1.0.202410301201/tools/bin/../lib/gcc/arm-none-eabi/12.3.1/../../../../arm-none-eabi/lib/thumb/v7e-m+fp/hard/libc_nano.a(libc_a-nano-svfprintf.o)
 .ARM.attributes
                0x000006df       0x34 /Applications/STM32CubeIDE.app/Contents/Eclipse/plugins/com.st.stm32cube.ide.mcu.externaltools.gnu-tools-for-stm32.12.3.rel1.macos64_1.1.0.202410301201/tools/bin/../lib/gcc/arm-none-eabi/12.3.1/../../../../arm-none-eabi/lib/thumb/v7e-m+fp/hard/libc_nano.a(libc_a-mallocr.o)
 .ARM.attributes
                0x00000713       0x34 /Applications/STM32CubeIDE.app/Contents/Eclipse/plugins/com.st.stm32cube.ide.mcu.externaltools.gnu-tools-for-stm32.12.3.rel1.macos64_1.1.0.202410301201/tools/bin/../lib/gcc/arm-none-eabi/12.3.1/../../../../arm-none-eabi/lib/thumb/v7e-m+fp/hard/libc_nano.a(libc_a-nano-vfprintf_i.o)
 .ARM.attributes
                0x00000747       0x34 /Applications/STM32CubeIDE.app/Contents/Eclipse/plugins/com.st.stm32cube.ide.mcu.externaltools.gnu-tools-for-stm32.12.3.rel1.macos64_1.1.0.202410301201/tools/bin/../lib/gcc/arm-none-eabi/12.3.1/../../../../arm-none-eabi/lib/thumb/v7e-m+fp/hard/libc_nano.a(libc_a-mlock.o)
 .ARM.attributes
                0x0000077b       0x34 /Applications/STM32CubeIDE.app/Contents/Eclipse/plugins/com.st.stm32cube.ide.mcu.externaltools.gnu-tools-for-stm32.12.3.rel1.macos64_1.1.0.202410301201/tools/bin/../lib/gcc/arm-none-eabi/12.3.1/../../../../arm-none-eabi/lib/thumb/v7e-m+fp/hard/libc_nano.a(libc_a-reallocr.o)
 .ARM.attributes
                0x000007af       0x34 /Applications/STM32CubeIDE.app/Contents/Eclipse/plugins/com.st.stm32cube.ide.mcu.externaltools.gnu-tools-for-stm32.12.3.rel1.macos64_1.1.0.202410301201/tools/bin/../lib/gcc/arm-none-eabi/12.3.1/../../../../arm-none-eabi/lib/thumb/v7e-m+fp/hard/libc_nano.a(libc_a-memmove.o)
 .ARM.attributes
                0x000007e3       0x34 /Applications/STM32CubeIDE.app/Contents/Eclipse/plugins/com.st.stm32cube.ide.mcu.externaltools.gnu-tools-for-stm32.12.3.rel1.macos64_1.1.0.202410301201/tools/bin/../lib/gcc/arm-none-eabi/12.3.1/../../../../arm-none-eabi/lib/thumb/v7e-m+fp/hard/libc_nano.a(libc_a-reent.o)
 .ARM.attributes
                0x00000817       0x34 /Applications/STM32CubeIDE.app/Contents/Eclipse/plugins/com.st.stm32cube.ide.mcu.externaltools.gnu-tools-for-stm32.12.3.rel1.macos64_1.1.0.202410301201/tools/bin/../lib/gcc/arm-none-eabi/12.3.1/../../../../arm-none-eabi/lib/thumb/v7e-m+fp/hard/libc_nano.a(libc_a-sbrkr.o)
 .ARM.attributes
                0x0000084b       0x1c /Applications/STM32CubeIDE.app/Contents/Eclipse/plugins/com.st.stm32cube.ide.mcu.externaltools.gnu-tools-for-stm32.12.3.rel1.macos64_1.1.0.202410301201/tools/bin/../lib/gcc/arm-none-eabi/12.3.1/../../../../arm-none-eabi/lib/thumb/v7e-m+fp/hard/libc_nano.a(libc_a-memchr.o)
 .ARM.attributes
                0x00000867       0x34 /Applications/STM32CubeIDE.app/Contents/Eclipse/plugins/com.st.stm32cube.ide.mcu.externaltools.gnu-tools-for-stm32.12.3.rel1.macos64_1.1.0.202410301201/tools/bin/../lib/gcc/arm-none-eabi/12.3.1/../../../../arm-none-eabi/lib/thumb/v7e-m+fp/hard/libc_nano.a(libc_a-memcpy-stub.o)
 .ARM.attributes
                0x0000089b       0x34 /Applications/STM32CubeIDE.app/Contents/Eclipse/plugins/com.st.stm32cube.ide.mcu.externaltools.gnu-tools-for-stm32.12.3.rel1.macos64_1.1.0.202410301201/tools/bin/../lib/gcc/arm-none-eabi/12.3.1/../../../../arm-none-eabi/lib/thumb/v7e-m+fp/hard/libc_nano.a(libc_a-freer.o)
 .ARM.attributes
                0x000008cf       0x34 /Applications/STM32CubeIDE.app/Contents/Eclipse/plugins/com.st.stm32cube.ide.mcu.externaltools.gnu-tools-for-stm32.12.3.rel1.macos64_1.1.0.202410301201/tools/bin/../lib/gcc/arm-none-eabi/12.3.1/../../../../arm-none-eabi/lib/thumb/v7e-m+fp/hard/libc_nano.a(libc_a-msizer.o)
 .ARM.attributes
                0x00000903       0x34 /Applications/STM32CubeIDE.app/Contents/Eclipse/plugins/com.st.stm32cube.ide.mcu.externaltools.gnu-tools-for-stm32.12.3.rel1.macos64_1.1.0.202410301201/tools/bin/../lib/gcc/arm-none-eabi/12.3.1/../../../../arm-none-eabi/lib/thumb/v7e-m+fp/hard/libm.a(libm_a-wf_log2.o)
 .ARM.attributes
                0x00000937       0x34 /Applications/STM32CubeIDE.app/Contents/Eclipse/plugins/com.st.stm32cube.ide.mcu.externaltools.gnu-tools-for-stm32.12.3.rel1.macos64_1.1.0.202410301201/tools/bin/../lib/gcc/arm-none-eabi/12.3.1/../../../../arm-none-eabi/lib/thumb/v7e-m+fp/hard/libm.a(libm_a-wf_log.o)
 .ARM.attributes
                0x0000096b       0x34 /Applications/STM32CubeIDE.app/Contents/Eclipse/plugins/com.st.stm32cube.ide.mcu.externaltools.gnu-tools-for-stm32.12.3.rel1.macos64_1.1.0.202410301201/tools/bin/../lib/gcc/arm-none-eabi/12.3.1/../../../../arm-none-eabi/lib/thumb/v7e-m+fp/hard/libm.a(libm_a-sf_nan.o)
 .ARM.attributes
                0x0000099f       0x34 /Applications/STM32CubeIDE.app/Contents/Eclipse/plugins/com.st.stm32cube.ide.mcu.externaltools.gnu-tools-for-stm32.12.3.rel1.macos64_1.1.0.202410301201/tools/bin/../lib/gcc/arm-none-eabi/12.3.1/../../../../arm-none-eabi/lib/thumb/v7e-m+fp/hard/libm.a(libm_a-ef_log.o)
 .ARM.attributes
                0x000009d3       0x22 /Applications/STM32CubeIDE.app/Contents/Eclipse/plugins/com.st.stm32cube.ide.mcu.externaltools.gnu-tools-for-stm32.12.3.rel1.macos64_1.1.0.202410301201/tools/bin/../lib/gcc/arm-none-eabi/12.3.1/thumb/v7e-m+fp/hard/libgcc.a(_aeabi_uldivmod.o)
 .ARM.attributes
                0x000009f5       0x34 /Applications/STM32CubeIDE.app/Contents/Eclipse/plugins/com.st.stm32cube.ide.mcu.externaltools.gnu-tools-for-stm32.12.3.rel1.macos64_1.1.0.202410301201/tools/bin/../lib/gcc/arm-none-eabi/12.3.1/thumb/v7e-m+fp/hard/libgcc.a(_udivmoddi4.o)
 .ARM.attributes
                0x00000a29       0x22 /Applications/STM32CubeIDE.app/Contents/Eclipse/plugins/com.st.stm32cube.ide.mcu.externaltools.gnu-tools-for-stm32.12.3.rel1.macos64_1.1.0.202410301201/tools/bin/../lib/gcc/arm-none-eabi/12.3.1/thumb/v7e-m+fp/hard/libgcc.a(_dvmd_tls.o)
 .ARM.attributes
                0x00000a4b       0x22 /Applications/STM32CubeIDE.app/Contents/Eclipse/plugins/com.st.stm32cube.ide.mcu.externaltools.gnu-tools-for-stm32.12.3.rel1.macos64_1.1.0.202410301201/tools/bin/../lib/gcc/arm-none-eabi/12.3.1/thumb/v7e-m+fp/hard/crtn.o
OUTPUT(final_project.elf elf32-littlearm)
LOAD linker stubs
LOAD /Applications/STM32CubeIDE.app/Contents/Eclipse/plugins/com.st.stm32cube.ide.mcu.externaltools.gnu-tools-for-stm32.12.3.rel1.macos64_1.1.0.202410301201/tools/bin/../lib/gcc/arm-none-eabi/12.3.1/../../../../arm-none-eabi/lib/thumb/v7e-m+fp/hard/libc.a
LOAD /Applications/STM32CubeIDE.app/Contents/Eclipse/plugins/com.st.stm32cube.ide.mcu.externaltools.gnu-tools-for-stm32.12.3.rel1.macos64_1.1.0.202410301201/tools/bin/../lib/gcc/arm-none-eabi/12.3.1/../../../../arm-none-eabi/lib/thumb/v7e-m+fp/hard/libm.a
LOAD /Applications/STM32CubeIDE.app/Contents/Eclipse/plugins/com.st.stm32cube.ide.mcu.externaltools.gnu-tools-for-stm32.12.3.rel1.macos64_1.1.0.202410301201/tools/bin/../lib/gcc/arm-none-eabi/12.3.1/thumb/v7e-m+fp/hard/libgcc.a

.debug_info     0x00000000    0x1df6d
 .debug_info    0x00000000     0x2d2c ./Core/Src/main.o
 .debug_info    0x00002d2c     0x22b4 ./Core/Src/stm32l4xx_hal_msp.o
 .debug_info    0x00004fe0      0x8ca ./Core/Src/stm32l4xx_it.o
 .debug_info    0x000058aa      0x168 ./Core/Src/sysmem.o
 .debug_info    0x00005a12      0x5e9 ./Core/Src/system_stm32l4xx.o
 .debug_info    0x00005ffb       0x30 ./Core/Startup/startup_stm32l4s5vitx.o
 .debug_info    0x0000602b      0xb4f ./Drivers/STM32L4xx_HAL_Driver/Src/stm32l4xx_hal.o
 .debug_info    0x00006b7a      0xd9f ./Drivers/STM32L4xx_HAL_Driver/Src/stm32l4xx_hal_cortex.o
 .debug_info    0x00007919      0xbb9 ./Drivers/STM32L4xx_HAL_Driver/Src/stm32l4xx_hal_dac.o
 .debug_info    0x000084d2      0xa12 ./Drivers/STM32L4xx_HAL_Driver/Src/stm32l4xx_hal_dac_ex.o
 .debug_info    0x00008ee4     0x1b78 ./Drivers/STM32L4xx_HAL_Driver/Src/stm32l4xx_hal_dfsdm.o
 .debug_info    0x0000aa5c      0x841 ./Drivers/STM32L4xx_HAL_Driver/Src/stm32l4xx_hal_dma.o
 .debug_info    0x0000b29d      0x787 ./Drivers/STM32L4xx_HAL_Driver/Src/stm32l4xx_hal_gpio.o
 .debug_info    0x0000ba24     0x21ea ./Drivers/STM32L4xx_HAL_Driver/Src/stm32l4xx_hal_i2c.o
 .debug_info    0x0000dc0e      0xafd ./Drivers/STM32L4xx_HAL_Driver/Src/stm32l4xx_hal_i2c_ex.o
 .debug_info    0x0000e70b      0xa0a ./Drivers/STM32L4xx_HAL_Driver/Src/stm32l4xx_hal_pwr_ex.o
 .debug_info    0x0000f115      0xd32 ./Drivers/STM32L4xx_HAL_Driver/Src/stm32l4xx_hal_rcc.o
 .debug_info    0x0000fe47     0x1167 ./Drivers/STM32L4xx_HAL_Driver/Src/stm32l4xx_hal_rcc_ex.o
 .debug_info    0x00010fae     0x2bc0 ./Drivers/STM32L4xx_HAL_Driver/Src/stm32l4xx_hal_tim.o
 .debug_info    0x00013b6e     0x17c4 ./Drivers/STM32L4xx_HAL_Driver/Src/stm32l4xx_hal_tim_ex.o
 .debug_info    0x00015332     0x4875 ./Drivers/STM32L4xx_HAL_Driver/Src/stm32l4xx_hal_uart.o
 .debug_info    0x00019ba7     0x1018 ./Drivers/STM32L4xx_HAL_Driver/Src/stm32l4xx_hal_uart_ex.o
 .debug_info    0x0001abbf     0x192a /Users/ansleanalbert/Documents/GitHub/walkie-talkie/final_project/Core/Lib/libarm_cortexM4lf_math.a(arm_rfft_fast_init_f32.o)
 .debug_info    0x0001c4e9     0x1a84 /Users/ansleanalbert/Documents/GitHub/walkie-talkie/final_project/Core/Lib/libarm_cortexM4lf_math.a(arm_common_tables.o)

.debug_abbrev   0x00000000     0x345c
 .debug_abbrev  0x00000000      0x37d ./Core/Src/main.o
 .debug_abbrev  0x0000037d      0x24f ./Core/Src/stm32l4xx_hal_msp.o
 .debug_abbrev  0x000005cc      0x1ac ./Core/Src/stm32l4xx_it.o
 .debug_abbrev  0x00000778       0xbc ./Core/Src/sysmem.o
 .debug_abbrev  0x00000834      0x11a ./Core/Src/system_stm32l4xx.o
 .debug_abbrev  0x0000094e       0x24 ./Core/Startup/startup_stm32l4s5vitx.o
 .debug_abbrev  0x00000972      0x242 ./Drivers/STM32L4xx_HAL_Driver/Src/stm32l4xx_hal.o
 .debug_abbrev  0x00000bb4      0x31c ./Drivers/STM32L4xx_HAL_Driver/Src/stm32l4xx_hal_cortex.o
 .debug_abbrev  0x00000ed0      0x218 ./Drivers/STM32L4xx_HAL_Driver/Src/stm32l4xx_hal_dac.o
 .debug_abbrev  0x000010e8      0x242 ./Drivers/STM32L4xx_HAL_Driver/Src/stm32l4xx_hal_dac_ex.o
 .debug_abbrev  0x0000132a      0x27b ./Drivers/STM32L4xx_HAL_Driver/Src/stm32l4xx_hal_dfsdm.o
 .debug_abbrev  0x000015a5      0x1e2 ./Drivers/STM32L4xx_HAL_Driver/Src/stm32l4xx_hal_dma.o
 .debug_abbrev  0x00001787      0x1cb ./Drivers/STM32L4xx_HAL_Driver/Src/stm32l4xx_hal_gpio.o
 .debug_abbrev  0x00001952      0x25e ./Drivers/STM32L4xx_HAL_Driver/Src/stm32l4xx_hal_i2c.o
 .debug_abbrev  0x00001bb0      0x1c0 ./Drivers/STM32L4xx_HAL_Driver/Src/stm32l4xx_hal_i2c_ex.o
 .debug_abbrev  0x00001d70      0x1f9 ./Drivers/STM32L4xx_HAL_Driver/Src/stm32l4xx_hal_pwr_ex.o
 .debug_abbrev  0x00001f69      0x306 ./Drivers/STM32L4xx_HAL_Driver/Src/stm32l4xx_hal_rcc.o
 .debug_abbrev  0x0000226f      0x2a3 ./Drivers/STM32L4xx_HAL_Driver/Src/stm32l4xx_hal_rcc_ex.o
 .debug_abbrev  0x00002512      0x276 ./Drivers/STM32L4xx_HAL_Driver/Src/stm32l4xx_hal_tim.o
 .debug_abbrev  0x00002788      0x281 ./Drivers/STM32L4xx_HAL_Driver/Src/stm32l4xx_hal_tim_ex.o
 .debug_abbrev  0x00002a09      0x304 ./Drivers/STM32L4xx_HAL_Driver/Src/stm32l4xx_hal_uart.o
 .debug_abbrev  0x00002d0d      0x2d2 ./Drivers/STM32L4xx_HAL_Driver/Src/stm32l4xx_hal_uart_ex.o
 .debug_abbrev  0x00002fdf      0x2a0 /Users/ansleanalbert/Documents/GitHub/walkie-talkie/final_project/Core/Lib/libarm_cortexM4lf_math.a(arm_rfft_fast_init_f32.o)
 .debug_abbrev  0x0000327f      0x1dd /Users/ansleanalbert/Documents/GitHub/walkie-talkie/final_project/Core/Lib/libarm_cortexM4lf_math.a(arm_common_tables.o)

.debug_aranges  0x00000000     0x17d0
 .debug_aranges
                0x00000000       0xb8 ./Core/Src/main.o
 .debug_aranges
                0x000000b8       0x88 ./Core/Src/stm32l4xx_hal_msp.o
 .debug_aranges
                0x00000140       0x88 ./Core/Src/stm32l4xx_it.o
 .debug_aranges
                0x000001c8       0x20 ./Core/Src/sysmem.o
 .debug_aranges
                0x000001e8       0x28 ./Core/Src/system_stm32l4xx.o
 .debug_aranges
                0x00000210       0x28 ./Core/Startup/startup_stm32l4s5vitx.o
 .debug_aranges
                0x00000238      0x130 ./Drivers/STM32L4xx_HAL_Driver/Src/stm32l4xx_hal.o
 .debug_aranges
                0x00000368      0x128 ./Drivers/STM32L4xx_HAL_Driver/Src/stm32l4xx_hal_cortex.o
 .debug_aranges
                0x00000490       0xc0 ./Drivers/STM32L4xx_HAL_Driver/Src/stm32l4xx_hal_dac.o
 .debug_aranges
                0x00000550       0x88 ./Drivers/STM32L4xx_HAL_Driver/Src/stm32l4xx_hal_dac_ex.o
 .debug_aranges
                0x000005d8      0x248 ./Drivers/STM32L4xx_HAL_Driver/Src/stm32l4xx_hal_dfsdm.o
 .debug_aranges
                0x00000820       0x90 ./Drivers/STM32L4xx_HAL_Driver/Src/stm32l4xx_hal_dma.o
 .debug_aranges
                0x000008b0       0x58 ./Drivers/STM32L4xx_HAL_Driver/Src/stm32l4xx_hal_gpio.o
 .debug_aranges
                0x00000908      0x2a0 ./Drivers/STM32L4xx_HAL_Driver/Src/stm32l4xx_hal_i2c.o
 .debug_aranges
                0x00000ba8       0x48 ./Drivers/STM32L4xx_HAL_Driver/Src/stm32l4xx_hal_i2c_ex.o
 .debug_aranges
                0x00000bf0      0x170 ./Drivers/STM32L4xx_HAL_Driver/Src/stm32l4xx_hal_pwr_ex.o
 .debug_aranges
                0x00000d60       0x98 ./Drivers/STM32L4xx_HAL_Driver/Src/stm32l4xx_hal_rcc.o
 .debug_aranges
                0x00000df8      0x110 ./Drivers/STM32L4xx_HAL_Driver/Src/stm32l4xx_hal_rcc_ex.o
 .debug_aranges
                0x00000f08      0x3e0 ./Drivers/STM32L4xx_HAL_Driver/Src/stm32l4xx_hal_tim.o
 .debug_aranges
                0x000012e8      0x180 ./Drivers/STM32L4xx_HAL_Driver/Src/stm32l4xx_hal_tim_ex.o
 .debug_aranges
                0x00001468      0x248 ./Drivers/STM32L4xx_HAL_Driver/Src/stm32l4xx_hal_uart.o
 .debug_aranges
                0x000016b0       0xa8 ./Drivers/STM32L4xx_HAL_Driver/Src/stm32l4xx_hal_uart_ex.o
 .debug_aranges
                0x00001758       0x60 /Users/ansleanalbert/Documents/GitHub/walkie-talkie/final_project/Core/Lib/libarm_cortexM4lf_math.a(arm_rfft_fast_init_f32.o)
 .debug_aranges
                0x000017b8       0x18 /Users/ansleanalbert/Documents/GitHub/walkie-talkie/final_project/Core/Lib/libarm_cortexM4lf_math.a(arm_common_tables.o)

.debug_rnglists
                0x00000000     0x1276
 .debug_rnglists
                0x00000000       0xb1 ./Core/Src/main.o
 .debug_rnglists
                0x000000b1       0x68 ./Core/Src/stm32l4xx_hal_msp.o
 .debug_rnglists
                0x00000119       0x61 ./Core/Src/stm32l4xx_it.o
 .debug_rnglists
                0x0000017a       0x13 ./Core/Src/sysmem.o
 .debug_rnglists
                0x0000018d       0x1a ./Core/Src/system_stm32l4xx.o
 .debug_rnglists
                0x000001a7       0x19 ./Core/Startup/startup_stm32l4s5vitx.o
 .debug_rnglists
                0x000001c0       0xdf ./Drivers/STM32L4xx_HAL_Driver/Src/stm32l4xx_hal.o
 .debug_rnglists
                0x0000029f       0xda ./Drivers/STM32L4xx_HAL_Driver/Src/stm32l4xx_hal_cortex.o
 .debug_rnglists
                0x00000379       0x90 ./Drivers/STM32L4xx_HAL_Driver/Src/stm32l4xx_hal_dac.o
 .debug_rnglists
                0x00000409       0x62 ./Drivers/STM32L4xx_HAL_Driver/Src/stm32l4xx_hal_dac_ex.o
 .debug_rnglists
                0x0000046b      0x1c7 ./Drivers/STM32L4xx_HAL_Driver/Src/stm32l4xx_hal_dfsdm.o
 .debug_rnglists
                0x00000632       0x71 ./Drivers/STM32L4xx_HAL_Driver/Src/stm32l4xx_hal_dma.o
 .debug_rnglists
                0x000006a3       0x3f ./Drivers/STM32L4xx_HAL_Driver/Src/stm32l4xx_hal_gpio.o
 .debug_rnglists
                0x000006e2      0x228 ./Drivers/STM32L4xx_HAL_Driver/Src/stm32l4xx_hal_i2c.o
 .debug_rnglists
                0x0000090a       0x35 ./Drivers/STM32L4xx_HAL_Driver/Src/stm32l4xx_hal_i2c_ex.o
 .debug_rnglists
                0x0000093f      0x115 ./Drivers/STM32L4xx_HAL_Driver/Src/stm32l4xx_hal_pwr_ex.o
 .debug_rnglists
                0x00000a54       0x74 ./Drivers/STM32L4xx_HAL_Driver/Src/stm32l4xx_hal_rcc.o
 .debug_rnglists
                0x00000ac8       0xd4 ./Drivers/STM32L4xx_HAL_Driver/Src/stm32l4xx_hal_rcc_ex.o
 .debug_rnglists
                0x00000b9c      0x328 ./Drivers/STM32L4xx_HAL_Driver/Src/stm32l4xx_hal_tim.o
 .debug_rnglists
                0x00000ec4      0x139 ./Drivers/STM32L4xx_HAL_Driver/Src/stm32l4xx_hal_tim_ex.o
 .debug_rnglists
                0x00000ffd      0x1fa ./Drivers/STM32L4xx_HAL_Driver/Src/stm32l4xx_hal_uart.o
 .debug_rnglists
                0x000011f7       0x7f ./Drivers/STM32L4xx_HAL_Driver/Src/stm32l4xx_hal_uart_ex.o

.debug_macro    0x00000000    0x2ca30
 .debug_macro   0x00000000      0x3ad ./Core/Src/main.o
 .debug_macro   0x000003ad      0xab4 ./Core/Src/main.o
 .debug_macro   0x00000e61      0x1b9 ./Core/Src/main.o
 .debug_macro   0x0000101a       0x2e ./Core/Src/main.o
 .debug_macro   0x00001048       0x28 ./Core/Src/main.o
 .debug_macro   0x00001070       0x22 ./Core/Src/main.o
 .debug_macro   0x00001092       0x8e ./Core/Src/main.o
 .debug_macro   0x00001120       0x51 ./Core/Src/main.o
 .debug_macro   0x00001171      0x103 ./Core/Src/main.o
 .debug_macro   0x00001274       0x6a ./Core/Src/main.o
 .debug_macro   0x000012de      0x1df ./Core/Src/main.o